<?xml version="1.0" encoding="ISO-8859-1" ?>
<link_info>
   <banner>TI ARM Linker PC v20.2.0.LTS</banner>
   <copyright>Copyright (c) 1996-2018 Texas Instruments Incorporated</copyright>
   <link_time>0x5eb9c3bd</link_time>
   <link_errors>0x0</link_errors>
   <output_file>CSMA.out</output_file>
   <entry_point>
      <name>_c_int00_noargs</name>
      <address>0x34e1</address>
   </entry_point>
   <input_file_list>
      <input_file id="fl-2">
         <path>.\</path>
         <kind>object</kind>
         <file>main.obj</file>
         <name>main.obj</name>
      </input_file>
      <input_file id="fl-3">
         <path>.\</path>
         <kind>object</kind>
         <file>tm4c123gh6pm_startup_ccs.obj</file>
         <name>tm4c123gh6pm_startup_ccs.obj</name>
      </input_file>
      <input_file id="fl-7">
         <kind>object</kind>
         <file>&lt;internal&gt;</file>
         <name>&lt;internal&gt;</name>
      </input_file>
      <input_file id="fl-bd">
         <path>C:\ti\ccs1000\ccs\tools\compiler\ti-cgt-arm_20.2.0.LTS\lib\</path>
         <kind>archive</kind>
         <file>rtsv7M4_T_le_v4SPD16_eabi.lib</file>
         <name>sprintf.c.obj</name>
      </input_file>
      <input_file id="fl-be">
         <path>C:\ti\ccs1000\ccs\tools\compiler\ti-cgt-arm_20.2.0.LTS\lib\</path>
         <kind>archive</kind>
         <file>rtsv7M4_T_le_v4SPD16_eabi.lib</file>
         <name>memcpy_t2.asm.obj</name>
      </input_file>
      <input_file id="fl-bf">
         <path>C:\ti\ccs1000\ccs\tools\compiler\ti-cgt-arm_20.2.0.LTS\lib\</path>
         <kind>archive</kind>
         <file>rtsv7M4_T_le_v4SPD16_eabi.lib</file>
         <name>memset_t2.asm.obj</name>
      </input_file>
      <input_file id="fl-c0">
         <path>C:\ti\ccs1000\ccs\tools\compiler\ti-cgt-arm_20.2.0.LTS\lib\</path>
         <kind>archive</kind>
         <file>rtsv7M4_T_le_v4SPD16_eabi.lib</file>
         <name>copy_zero_init.c.obj</name>
      </input_file>
      <input_file id="fl-c1">
         <path>C:\ti\ccs1000\ccs\tools\compiler\ti-cgt-arm_20.2.0.LTS\lib\</path>
         <kind>archive</kind>
         <file>rtsv7M4_T_le_v4SPD16_eabi.lib</file>
         <name>copy_decompress_none.c.obj</name>
      </input_file>
      <input_file id="fl-c2">
         <path>C:\ti\ccs1000\ccs\tools\compiler\ti-cgt-arm_20.2.0.LTS\lib\</path>
         <kind>archive</kind>
         <file>rtsv7M4_T_le_v4SPD16_eabi.lib</file>
         <name>copy_decompress_lzss.c.obj</name>
      </input_file>
      <input_file id="fl-c3">
         <path>C:\ti\ccs1000\ccs\tools\compiler\ti-cgt-arm_20.2.0.LTS\lib\</path>
         <kind>archive</kind>
         <file>rtsv7M4_T_le_v4SPD16_eabi.lib</file>
         <name>atoi.c.obj</name>
      </input_file>
      <input_file id="fl-c4">
         <path>C:\ti\ccs1000\ccs\tools\compiler\ti-cgt-arm_20.2.0.LTS\lib\</path>
         <kind>archive</kind>
         <file>rtsv7M4_T_le_v4SPD16_eabi.lib</file>
         <name>ctype.c.obj</name>
      </input_file>
      <input_file id="fl-c5">
         <path>C:\ti\ccs1000\ccs\tools\compiler\ti-cgt-arm_20.2.0.LTS\lib\</path>
         <kind>archive</kind>
         <file>rtsv7M4_T_le_v4SPD16_eabi.lib</file>
         <name>strcmp.c.obj</name>
      </input_file>
      <input_file id="fl-c6">
         <path>C:\ti\ccs1000\ccs\tools\compiler\ti-cgt-arm_20.2.0.LTS\lib\</path>
         <kind>archive</kind>
         <file>rtsv7M4_T_le_v4SPD16_eabi.lib</file>
         <name>strlen.c.obj</name>
      </input_file>
      <input_file id="fl-c7">
         <path>C:\ti\ccs1000\ccs\tools\compiler\ti-cgt-arm_20.2.0.LTS\lib\</path>
         <kind>archive</kind>
         <file>rtsv7M4_T_le_v4SPD16_eabi.lib</file>
         <name>tolower.c.obj</name>
      </input_file>
      <input_file id="fl-c8">
         <path>C:\ti\ccs1000\ccs\tools\compiler\ti-cgt-arm_20.2.0.LTS\lib\</path>
         <kind>archive</kind>
         <file>rtsv7M4_T_le_v4SPD16_eabi.lib</file>
         <name>boot_cortex_m.c.obj</name>
      </input_file>
      <input_file id="fl-c9">
         <path>C:\ti\ccs1000\ccs\tools\compiler\ti-cgt-arm_20.2.0.LTS\lib\</path>
         <kind>archive</kind>
         <file>rtsv7M4_T_le_v4SPD16_eabi.lib</file>
         <name>_printfi.c.obj</name>
      </input_file>
      <input_file id="fl-ca">
         <path>C:\ti\ccs1000\ccs\tools\compiler\ti-cgt-arm_20.2.0.LTS\lib\</path>
         <kind>archive</kind>
         <file>rtsv7M4_T_le_v4SPD16_eabi.lib</file>
         <name>fd_add_t2.asm.obj</name>
      </input_file>
      <input_file id="fl-cb">
         <path>C:\ti\ccs1000\ccs\tools\compiler\ti-cgt-arm_20.2.0.LTS\lib\</path>
         <kind>archive</kind>
         <file>rtsv7M4_T_le_v4SPD16_eabi.lib</file>
         <name>fd_cmp_t2.asm.obj</name>
      </input_file>
      <input_file id="fl-cc">
         <path>C:\ti\ccs1000\ccs\tools\compiler\ti-cgt-arm_20.2.0.LTS\lib\</path>
         <kind>archive</kind>
         <file>rtsv7M4_T_le_v4SPD16_eabi.lib</file>
         <name>fd_div_t2.asm.obj</name>
      </input_file>
      <input_file id="fl-cd">
         <path>C:\ti\ccs1000\ccs\tools\compiler\ti-cgt-arm_20.2.0.LTS\lib\</path>
         <kind>archive</kind>
         <file>rtsv7M4_T_le_v4SPD16_eabi.lib</file>
         <name>fd_mul_t2.asm.obj</name>
      </input_file>
      <input_file id="fl-ce">
         <path>C:\ti\ccs1000\ccs\tools\compiler\ti-cgt-arm_20.2.0.LTS\lib\</path>
         <kind>archive</kind>
         <file>rtsv7M4_T_le_v4SPD16_eabi.lib</file>
         <name>fd_toi_t2.asm.obj</name>
      </input_file>
      <input_file id="fl-cf">
         <path>C:\ti\ccs1000\ccs\tools\compiler\ti-cgt-arm_20.2.0.LTS\lib\</path>
         <kind>archive</kind>
         <file>rtsv7M4_T_le_v4SPD16_eabi.lib</file>
         <name>i_tofd_t2.asm.obj</name>
      </input_file>
      <input_file id="fl-d0">
         <path>C:\ti\ccs1000\ccs\tools\compiler\ti-cgt-arm_20.2.0.LTS\lib\</path>
         <kind>archive</kind>
         <file>rtsv7M4_T_le_v4SPD16_eabi.lib</file>
         <name>ull_div_t2.asm.obj</name>
      </input_file>
      <input_file id="fl-d1">
         <path>C:\ti\ccs1000\ccs\tools\compiler\ti-cgt-arm_20.2.0.LTS\lib\</path>
         <kind>archive</kind>
         <file>rtsv7M4_T_le_v4SPD16_eabi.lib</file>
         <name>autoinit.c.obj</name>
      </input_file>
      <input_file id="fl-d2">
         <path>C:\ti\ccs1000\ccs\tools\compiler\ti-cgt-arm_20.2.0.LTS\lib\</path>
         <kind>archive</kind>
         <file>rtsv7M4_T_le_v4SPD16_eabi.lib</file>
         <name>pre_init.c.obj</name>
      </input_file>
      <input_file id="fl-d3">
         <path>C:\ti\ccs1000\ccs\tools\compiler\ti-cgt-arm_20.2.0.LTS\lib\</path>
         <kind>archive</kind>
         <file>rtsv7M4_T_le_v4SPD16_eabi.lib</file>
         <name>cpy_tbl.c.obj</name>
      </input_file>
      <input_file id="fl-d4">
         <path>C:\ti\ccs1000\ccs\tools\compiler\ti-cgt-arm_20.2.0.LTS\lib\</path>
         <kind>archive</kind>
         <file>rtsv7M4_T_le_v4SPD16_eabi.lib</file>
         <name>exit.c.obj</name>
      </input_file>
      <input_file id="fl-d5">
         <path>C:\ti\ccs1000\ccs\tools\compiler\ti-cgt-arm_20.2.0.LTS\lib\</path>
         <kind>archive</kind>
         <file>rtsv7M4_T_le_v4SPD16_eabi.lib</file>
         <name>_lock.c.obj</name>
      </input_file>
      <input_file id="fl-d6">
         <path>C:\ti\ccs1000\ccs\tools\compiler\ti-cgt-arm_20.2.0.LTS\lib\</path>
         <kind>archive</kind>
         <file>rtsv7M4_T_le_v4SPD16_eabi.lib</file>
         <name>_ltoa.c.obj</name>
      </input_file>
      <input_file id="fl-d7">
         <path>C:\ti\ccs1000\ccs\tools\compiler\ti-cgt-arm_20.2.0.LTS\lib\</path>
         <kind>archive</kind>
         <file>rtsv7M4_T_le_v4SPD16_eabi.lib</file>
         <name>args_main.c.obj</name>
      </input_file>
      <input_file id="fl-d8">
         <path>C:\ti\ccs1000\ccs\tools\compiler\ti-cgt-arm_20.2.0.LTS\lib\</path>
         <kind>archive</kind>
         <file>rtsv7M4_T_le_v4SPD16_eabi.lib</file>
         <name>memccpy.c.obj</name>
      </input_file>
      <input_file id="fl-d9">
         <path>C:\ti\ccs1000\ccs\tools\compiler\ti-cgt-arm_20.2.0.LTS\lib\</path>
         <kind>archive</kind>
         <file>rtsv7M4_T_le_v4SPD16_eabi.lib</file>
         <name>strchr.c.obj</name>
      </input_file>
      <input_file id="fl-da">
         <path>C:\ti\ccs1000\ccs\tools\compiler\ti-cgt-arm_20.2.0.LTS\lib\</path>
         <kind>archive</kind>
         <file>rtsv7M4_T_le_v4SPD16_eabi.lib</file>
         <name>errno.c.obj</name>
      </input_file>
      <input_file id="fl-db">
         <path>C:\ti\ccs1000\ccs\tools\compiler\ti-cgt-arm_20.2.0.LTS\lib\</path>
         <kind>archive</kind>
         <file>rtsv7M4_T_le_v4SPD16_eabi.lib</file>
         <name>s_frexp.c.obj</name>
      </input_file>
      <input_file id="fl-dc">
         <path>C:\ti\ccs1000\ccs\tools\compiler\ti-cgt-arm_20.2.0.LTS\lib\</path>
         <kind>archive</kind>
         <file>rtsv7M4_T_le_v4SPD16_eabi.lib</file>
         <name>s_scalbn.c.obj</name>
      </input_file>
      <input_file id="fl-dd">
         <path>C:\ti\ccs1000\ccs\tools\compiler\ti-cgt-arm_20.2.0.LTS\lib\</path>
         <kind>archive</kind>
         <file>rtsv7M4_T_le_v4SPD16_eabi.lib</file>
         <name>s_copysign.c.obj</name>
      </input_file>
      <input_file id="fl-de">
         <path>C:\ti\ccs1000\ccs\tools\compiler\ti-cgt-arm_20.2.0.LTS\lib\</path>
         <kind>archive</kind>
         <file>rtsv7M4_T_le_v4SPD16_eabi.lib</file>
         <name>wcslen.c.obj</name>
      </input_file>
      <input_file id="fl-df">
         <path>C:\ti\ccs1000\ccs\tools\compiler\ti-cgt-arm_20.2.0.LTS\lib\</path>
         <kind>archive</kind>
         <file>rtsv7M4_T_le_v4SPD16_eabi.lib</file>
         <name>div0.asm.obj</name>
      </input_file>
   </input_file_list>
   <object_component_list>
      <object_component id="oc-12">
         <name>.intvecs</name>
         <load_address>0x0</load_address>
         <run_address>0x0</run_address>
         <size>0x26c</size>
         <input_file_ref idref="fl-3"/>
      </object_component>
      <object_component id="oc-2d">
         <name>.text</name>
         <load_address>0x26c</load_address>
         <run_address>0x26c</run_address>
         <size>0x1590</size>
         <input_file_ref idref="fl-2"/>
      </object_component>
      <object_component id="oc-10f">
         <name>.text:__TI_printfi</name>
         <load_address>0x17fc</load_address>
         <run_address>0x17fc</run_address>
         <size>0xa4e</size>
         <input_file_ref idref="fl-c9"/>
      </object_component>
      <object_component id="oc-280">
         <name>.text</name>
         <load_address>0x224a</load_address>
         <run_address>0x224a</run_address>
         <size>0x2</size>
         <input_file_ref idref="fl-df"/>
      </object_component>
      <object_component id="oc-19d">
         <name>.text:_pconv_a</name>
         <load_address>0x224c</load_address>
         <run_address>0x224c</run_address>
         <size>0x270</size>
         <input_file_ref idref="fl-c9"/>
      </object_component>
      <object_component id="oc-18b">
         <name>.text:_pconv_g</name>
         <load_address>0x24bc</load_address>
         <run_address>0x24bc</run_address>
         <size>0x1d0</size>
         <input_file_ref idref="fl-c9"/>
      </object_component>
      <object_component id="oc-20d">
         <name>.text</name>
         <load_address>0x268c</load_address>
         <run_address>0x268c</run_address>
         <size>0x1b6</size>
         <input_file_ref idref="fl-ca"/>
      </object_component>
      <object_component id="oc-197">
         <name>.text:_pconv_e</name>
         <load_address>0x2844</load_address>
         <run_address>0x2844</run_address>
         <size>0x13c</size>
         <input_file_ref idref="fl-c9"/>
      </object_component>
      <object_component id="oc-1f3">
         <name>.text</name>
         <load_address>0x2980</load_address>
         <run_address>0x2980</run_address>
         <size>0x136</size>
         <input_file_ref idref="fl-cc"/>
      </object_component>
      <object_component id="oc-21f">
         <name>.text:fcvt</name>
         <load_address>0x2ab8</load_address>
         <run_address>0x2ab8</run_address>
         <size>0x124</size>
         <input_file_ref idref="fl-c9"/>
      </object_component>
      <object_component id="oc-233">
         <name>.text:scalbn</name>
         <load_address>0x2bdc</load_address>
         <run_address>0x2bdc</run_address>
         <size>0x110</size>
         <input_file_ref idref="fl-dc"/>
      </object_component>
      <object_component id="oc-1ee">
         <name>.text</name>
         <load_address>0x2cec</load_address>
         <run_address>0x2cec</run_address>
         <size>0xfc</size>
         <input_file_ref idref="fl-cd"/>
      </object_component>
      <object_component id="oc-180">
         <name>.text:_ltostr</name>
         <load_address>0x2de8</load_address>
         <run_address>0x2de8</run_address>
         <size>0xb1</size>
         <input_file_ref idref="fl-c9"/>
      </object_component>
      <object_component id="oc-41">
         <name>.text</name>
         <load_address>0x2e9a</load_address>
         <run_address>0x2e9a</run_address>
         <size>0x9c</size>
         <input_file_ref idref="fl-be"/>
      </object_component>
      <object_component id="oc-1e7">
         <name>.text</name>
         <load_address>0x2f36</load_address>
         <run_address>0x2f36</run_address>
         <size>0x96</size>
         <input_file_ref idref="fl-d0"/>
      </object_component>
      <object_component id="oc-186">
         <name>.text:__aeabi_cdcmple</name>
         <load_address>0x2fcc</load_address>
         <run_address>0x2fcc</run_address>
         <size>0x86</size>
         <input_file_ref idref="fl-cb"/>
      </object_component>
      <object_component id="oc-1f8">
         <name>.text:__aeabi_cdrcmple</name>
         <load_address>0x3052</load_address>
         <run_address>0x3052</run_address>
         <size>0x86</size>
         <input_file_ref idref="fl-cb"/>
      </object_component>
      <object_component id="oc-8a">
         <name>.text</name>
         <load_address>0x30d8</load_address>
         <run_address>0x30d8</run_address>
         <size>0x7a</size>
         <input_file_ref idref="fl-bf"/>
      </object_component>
      <object_component id="oc-218">
         <name>.text:_mcpy</name>
         <load_address>0x3152</load_address>
         <run_address>0x3152</run_address>
         <size>0x6e</size>
         <input_file_ref idref="fl-c9"/>
      </object_component>
      <object_component id="oc-15">
         <name>.text:decompress:lzss:__TI_decompress_lzss</name>
         <load_address>0x31c0</load_address>
         <run_address>0x31c0</run_address>
         <size>0x68</size>
         <input_file_ref idref="fl-c2"/>
      </object_component>
      <object_component id="oc-22d">
         <name>.text:frexp</name>
         <load_address>0x3228</load_address>
         <run_address>0x3228</run_address>
         <size>0x64</size>
         <input_file_ref idref="fl-db"/>
      </object_component>
      <object_component id="oc-191">
         <name>.text:_pconv_f</name>
         <load_address>0x328c</load_address>
         <run_address>0x328c</run_address>
         <size>0x56</size>
         <input_file_ref idref="fl-c9"/>
      </object_component>
      <object_component id="oc-202">
         <name>.text:__TI_ltoa</name>
         <load_address>0x32e2</load_address>
         <run_address>0x32e2</run_address>
         <size>0x54</size>
         <input_file_ref idref="fl-d6"/>
      </object_component>
      <object_component id="oc-212">
         <name>.text:_ecpy</name>
         <load_address>0x3336</load_address>
         <run_address>0x3336</run_address>
         <size>0x52</size>
         <input_file_ref idref="fl-c9"/>
      </object_component>
      <object_component id="oc-98">
         <name>.text:atoi</name>
         <load_address>0x3388</load_address>
         <run_address>0x3388</run_address>
         <size>0x4c</size>
         <input_file_ref idref="fl-c3"/>
      </object_component>
      <object_component id="oc-1fd">
         <name>.text</name>
         <load_address>0x33d4</load_address>
         <run_address>0x33d4</run_address>
         <size>0x48</size>
         <input_file_ref idref="fl-ce"/>
      </object_component>
      <object_component id="oc-143">
         <name>.text:__TI_auto_init_nobinit_nopinit:__TI_auto_init_nobinit_nopinit</name>
         <load_address>0x341c</load_address>
         <run_address>0x341c</run_address>
         <size>0x44</size>
         <input_file_ref idref="fl-d1"/>
      </object_component>
      <object_component id="oc-9f">
         <name>.text:sprintf</name>
         <load_address>0x3460</load_address>
         <run_address>0x3460</run_address>
         <size>0x40</size>
         <input_file_ref idref="fl-bd"/>
      </object_component>
      <object_component id="oc-225">
         <name>.text:_fcpy</name>
         <load_address>0x34a0</load_address>
         <run_address>0x34a0</run_address>
         <size>0x3e</size>
         <input_file_ref idref="fl-c9"/>
      </object_component>
      <object_component id="oc-5f">
         <name>.text:_c_int00_noargs:_c_int00_noargs</name>
         <load_address>0x34e0</load_address>
         <run_address>0x34e0</run_address>
         <size>0x34</size>
         <input_file_ref idref="fl-c8"/>
      </object_component>
      <object_component id="oc-208">
         <name>.text</name>
         <load_address>0x3514</load_address>
         <run_address>0x3514</run_address>
         <size>0x2e</size>
         <input_file_ref idref="fl-cf"/>
      </object_component>
      <object_component id="oc-1a3">
         <name>.text:memccpy</name>
         <load_address>0x3542</load_address>
         <run_address>0x3542</run_address>
         <size>0x1c</size>
         <input_file_ref idref="fl-d8"/>
      </object_component>
      <object_component id="oc-299">
         <name>.text:copysign</name>
         <load_address>0x355e</load_address>
         <run_address>0x355e</run_address>
         <size>0x1a</size>
         <input_file_ref idref="fl-dd"/>
      </object_component>
      <object_component id="oc-115">
         <name>.text:_outs</name>
         <load_address>0x3578</load_address>
         <run_address>0x3578</run_address>
         <size>0x18</size>
         <input_file_ref idref="fl-bd"/>
      </object_component>
      <object_component id="oc-79">
         <name>.text:strcmp</name>
         <load_address>0x3590</load_address>
         <run_address>0x3590</run_address>
         <size>0x18</size>
         <input_file_ref idref="fl-c5"/>
      </object_component>
      <object_component id="oc-239">
         <name>.text:strchr</name>
         <load_address>0x35a8</load_address>
         <run_address>0x35a8</run_address>
         <size>0x16</size>
         <input_file_ref idref="fl-d9"/>
      </object_component>
      <object_component id="oc-83">
         <name>.text:strlen</name>
         <load_address>0x35be</load_address>
         <run_address>0x35be</run_address>
         <size>0x14</size>
         <input_file_ref idref="fl-c6"/>
      </object_component>
      <object_component id="oc-1a9">
         <name>.text:wcslen</name>
         <load_address>0x35d2</load_address>
         <run_address>0x35d2</run_address>
         <size>0x12</size>
         <input_file_ref idref="fl-de"/>
      </object_component>
      <object_component id="oc-8f">
         <name>.text:tolower</name>
         <load_address>0x35e4</load_address>
         <run_address>0x35e4</run_address>
         <size>0x10</size>
         <input_file_ref idref="fl-c7"/>
      </object_component>
      <object_component id="oc-1b">
         <name>.text:decompress:none:__TI_decompress_none</name>
         <load_address>0x35f4</load_address>
         <run_address>0x35f4</run_address>
         <size>0xe</size>
         <input_file_ref idref="fl-c1"/>
      </object_component>
      <object_component id="oc-53">
         <name>.text:decompress:ZI:__TI_zero_init</name>
         <load_address>0x3602</load_address>
         <run_address>0x3602</run_address>
         <size>0xc</size>
         <input_file_ref idref="fl-c0"/>
      </object_component>
      <object_component id="oc-27">
         <name>.text</name>
         <load_address>0x360e</load_address>
         <run_address>0x360e</run_address>
         <size>0xc</size>
         <input_file_ref idref="fl-3"/>
      </object_component>
      <object_component id="oc-11b">
         <name>.text:_outc</name>
         <load_address>0x361a</load_address>
         <run_address>0x361a</run_address>
         <size>0xa</size>
         <input_file_ref idref="fl-bd"/>
      </object_component>
      <object_component id="oc-1af">
         <name>.text:__aeabi_errno_addr</name>
         <load_address>0x3624</load_address>
         <run_address>0x3624</run_address>
         <size>0x8</size>
         <input_file_ref idref="fl-da"/>
      </object_component>
      <object_component id="oc-e3">
         <name>.text:_system_pre_init</name>
         <load_address>0x362c</load_address>
         <run_address>0x362c</run_address>
         <size>0x4</size>
         <input_file_ref idref="fl-d2"/>
      </object_component>
      <object_component id="oc-137">
         <name>.text:abort:abort</name>
         <load_address>0x3630</load_address>
         <run_address>0x3630</run_address>
         <size>0x4</size>
         <input_file_ref idref="fl-d4"/>
      </object_component>
      <object_component id="oc-108">
         <name>.const:.string:_ctypes_</name>
         <load_address>0x3634</load_address>
         <run_address>0x3634</run_address>
         <size>0x101</size>
         <input_file_ref idref="fl-c4"/>
      </object_component>
      <object_component id="oc-2fe">
         <name>.cinit..data.load</name>
         <load_address>0x3738</load_address>
         <run_address>0x3738</run_address>
         <size>0x11</size>
      </object_component>
      <object_component id="oc-2fc">
         <name>__TI_handler_table</name>
         <load_address>0x374c</load_address>
         <run_address>0x374c</run_address>
         <size>0xc</size>
      </object_component>
      <object_component id="oc-2ff">
         <name>.cinit..bss.load</name>
         <load_address>0x3758</load_address>
         <run_address>0x3758</run_address>
         <size>0x8</size>
      </object_component>
      <object_component id="oc-2fd">
         <name>__TI_cinit_table</name>
         <load_address>0x3760</load_address>
         <run_address>0x3760</run_address>
         <size>0x10</size>
      </object_component>
      <object_component id="oc-80">
         <name>.data</name>
         <load_address>0x200007d8</load_address>
         <run_address>0x200007d8</run_address>
         <size>0x10</size>
         <input_file_ref idref="fl-2"/>
      </object_component>
      <object_component id="oc-249">
         <name>.data</name>
         <load_address>0x200007e8</load_address>
         <run_address>0x200007e8</run_address>
         <size>0x4</size>
         <input_file_ref idref="fl-da"/>
      </object_component>
      <object_component id="oc-97">
         <name>.common:str</name>
         <uninitialized>true</uninitialized>
         <run_address>0x200004e4</run_address>
         <size>0x54</size>
      </object_component>
      <object_component id="oc-a7">
         <name>.common:field_type</name>
         <uninitialized>true</uninitialized>
         <run_address>0x2000059c</run_address>
         <size>0x14</size>
      </object_component>
      <object_component id="oc-a8">
         <name>.common:debug_str</name>
         <uninitialized>true</uninitialized>
         <run_address>0x20000538</run_address>
         <size>0x34</size>
      </object_component>
      <object_component id="oc-89">
         <name>.common:VALID_BIT_SET</name>
         <uninitialized>true</uninitialized>
         <run_address>0x200005bc</run_address>
         <size>0x4</size>
      </object_component>
      <object_component id="oc-b4">
         <name>.common:timeout</name>
         <uninitialized>true</uninitialized>
         <run_address>0x200005c2</run_address>
         <size>0x2</size>
      </object_component>
      <object_component id="oc-96">
         <name>.common:count</name>
         <uninitialized>true</uninitialized>
         <run_address>0x200005ce</run_address>
         <size>0x1</size>
      </object_component>
      <object_component id="oc-a5">
         <name>.common:Total_fields</name>
         <uninitialized>true</uninitialized>
         <run_address>0x200005ca</run_address>
         <size>0x1</size>
      </object_component>
      <object_component id="oc-9e">
         <name>.common:k</name>
         <uninitialized>true</uninitialized>
         <run_address>0x200005c0</run_address>
         <size>0x2</size>
      </object_component>
      <object_component id="oc-a6">
         <name>.common:field_position</name>
         <uninitialized>true</uninitialized>
         <run_address>0x20000588</run_address>
         <size>0x14</size>
      </object_component>
      <object_component id="oc-b2">
         <name>.common:i</name>
         <uninitialized>true</uninitialized>
         <run_address>0x200005d1</run_address>
         <size>0x1</size>
      </object_component>
      <object_component id="oc-a9">
         <name>.common:address</name>
         <uninitialized>true</uninitialized>
         <run_address>0x200005cb</run_address>
         <size>0x1</size>
      </object_component>
      <object_component id="oc-ae">
         <name>.common:new_address</name>
         <uninitialized>true</uninitialized>
         <run_address>0x200005d4</run_address>
         <size>0x1</size>
      </object_component>
      <object_component id="oc-aa">
         <name>.common:channel</name>
         <uninitialized>true</uninitialized>
         <run_address>0x200005cc</run_address>
         <size>0x1</size>
      </object_component>
      <object_component id="oc-ab">
         <name>.common:value</name>
         <uninitialized>true</uninitialized>
         <run_address>0x20000384</run_address>
         <size>0xfc</size>
      </object_component>
      <object_component id="oc-ac">
         <name>.common:CS_ENABLE</name>
         <uninitialized>true</uninitialized>
         <run_address>0x200005c5</run_address>
         <size>0x1</size>
      </object_component>
      <object_component id="oc-ad">
         <name>.common:RANDOM_ENABLE</name>
         <uninitialized>true</uninitialized>
         <run_address>0x200005c7</run_address>
         <size>0x1</size>
      </object_component>
      <object_component id="oc-78">
         <name>.common:ACK_ON</name>
         <uninitialized>true</uninitialized>
         <run_address>0x200005c4</run_address>
         <size>0x1</size>
      </object_component>
      <object_component id="oc-7f">
         <name>.common:DATA</name>
         <uninitialized>true</uninitialized>
         <run_address>0x20000000</run_address>
         <size>0x1f4</size>
      </object_component>
      <object_component id="oc-b5">
         <name>.common:RX_DATA</name>
         <uninitialized>true</uninitialized>
         <run_address>0x2000056c</run_address>
         <size>0x1c</size>
      </object_component>
      <object_component id="oc-b0">
         <name>.common:currentindex</name>
         <uninitialized>true</uninitialized>
         <run_address>0x200005cf</run_address>
         <size>0x1</size>
      </object_component>
      <object_component id="oc-b8">
         <name>.common:RXADDDATA</name>
         <uninitialized>true</uninitialized>
         <run_address>0x200005c8</run_address>
         <size>0x1</size>
      </object_component>
      <object_component id="oc-b7">
         <name>.common:RXdata</name>
         <uninitialized>true</uninitialized>
         <run_address>0x200005c9</run_address>
         <size>0x1</size>
      </object_component>
      <object_component id="oc-b3">
         <name>.common:j</name>
         <uninitialized>true</uninitialized>
         <run_address>0x200005d3</run_address>
         <size>0x1</size>
      </object_component>
      <object_component id="oc-95">
         <name>.common:s</name>
         <uninitialized>true</uninitialized>
         <run_address>0x200005d5</run_address>
         <size>0x1</size>
      </object_component>
      <object_component id="oc-ba">
         <name>.common:i_for</name>
         <uninitialized>true</uninitialized>
         <run_address>0x200005d2</run_address>
         <size>0x1</size>
      </object_component>
      <object_component id="oc-b1">
         <name>.common:Inprogress</name>
         <uninitialized>true</uninitialized>
         <run_address>0x200005c6</run_address>
         <size>0x1</size>
      </object_component>
      <object_component id="oc-b9">
         <name>.common:data_index</name>
         <uninitialized>true</uninitialized>
         <run_address>0x200005d0</run_address>
         <size>0x1</size>
      </object_component>
      <object_component id="oc-b6">
         <name>.common:checksum_flag</name>
         <uninitialized>true</uninitialized>
         <run_address>0x200005cd</run_address>
         <size>0x1</size>
      </object_component>
      <object_component id="oc-af">
         <name>.common:STR_DEBUG</name>
         <uninitialized>true</uninitialized>
         <run_address>0x20000480</run_address>
         <size>0x64</size>
      </object_component>
      <object_component id="oc-77">
         <name>.common:ADDRESS_1_DATA</name>
         <uninitialized>true</uninitialized>
         <run_address>0x200001f4</run_address>
         <size>0x190</size>
      </object_component>
      <object_component id="oc-74">
         <name>.common:DEVICE_DETAIL</name>
         <uninitialized>true</uninitialized>
         <run_address>0x200005b0</run_address>
         <size>0xc</size>
      </object_component>
      <object_component id="oc-24">
         <name>.stack</name>
         <uninitialized>true</uninitialized>
         <run_address>0x200005d8</run_address>
         <size>0x4</size>
         <input_file_ref idref="fl-c8"/>
      </object_component>
      <object_component id="oc-301">
         <name>.stack</name>
         <uninitialized>true</uninitialized>
         <run_address>0x200005d8</run_address>
         <size>0x0</size>
      </object_component>
      <object_component id="oc-75">
         <name>.debug_info</name>
         <load_address>0x0</load_address>
         <run_address>0x0</run_address>
         <size>0x99d</size>
         <input_file_ref idref="fl-2"/>
      </object_component>
      <object_component id="oc-81">
         <name>.debug_info</name>
         <load_address>0x99d</load_address>
         <run_address>0x99d</run_address>
         <size>0x23d</size>
         <input_file_ref idref="fl-2"/>
      </object_component>
      <object_component id="oc-2f">
         <name>.debug_info</name>
         <load_address>0xbda</load_address>
         <run_address>0xbda</run_address>
         <size>0x11e3</size>
         <input_file_ref idref="fl-2"/>
      </object_component>
      <object_component id="oc-c8">
         <name>.debug_info</name>
         <load_address>0x1dbd</load_address>
         <run_address>0x1dbd</run_address>
         <size>0x26b</size>
         <input_file_ref idref="fl-2"/>
      </object_component>
      <object_component id="oc-c1">
         <name>.debug_info</name>
         <load_address>0x2028</load_address>
         <run_address>0x2028</run_address>
         <size>0x8b</size>
         <input_file_ref idref="fl-2"/>
      </object_component>
      <object_component id="oc-128">
         <name>.debug_info</name>
         <load_address>0x20b3</load_address>
         <run_address>0x20b3</run_address>
         <size>0x2a4</size>
         <input_file_ref idref="fl-2"/>
      </object_component>
      <object_component id="oc-bc">
         <name>.debug_info</name>
         <load_address>0x2357</load_address>
         <run_address>0x2357</run_address>
         <size>0xbb</size>
         <input_file_ref idref="fl-2"/>
      </object_component>
      <object_component id="oc-fc">
         <name>.debug_info</name>
         <load_address>0x2412</load_address>
         <run_address>0x2412</run_address>
         <size>0x2c</size>
         <input_file_ref idref="fl-2"/>
      </object_component>
      <object_component id="oc-123">
         <name>.debug_info</name>
         <load_address>0x243e</load_address>
         <run_address>0x243e</run_address>
         <size>0x2c</size>
         <input_file_ref idref="fl-2"/>
      </object_component>
      <object_component id="oc-f7">
         <name>.debug_info</name>
         <load_address>0x246a</load_address>
         <run_address>0x246a</run_address>
         <size>0x1b2</size>
         <input_file_ref idref="fl-2"/>
      </object_component>
      <object_component id="oc-35">
         <name>.debug_info</name>
         <load_address>0x261c</load_address>
         <run_address>0x261c</run_address>
         <size>0x2d8</size>
         <input_file_ref idref="fl-3"/>
      </object_component>
      <object_component id="oc-13">
         <name>.debug_info</name>
         <load_address>0x28f4</load_address>
         <run_address>0x28f4</run_address>
         <size>0xfd</size>
         <input_file_ref idref="fl-3"/>
      </object_component>
      <object_component id="oc-2b">
         <name>.debug_info</name>
         <load_address>0x29f1</load_address>
         <run_address>0x29f1</run_address>
         <size>0x279</size>
         <input_file_ref idref="fl-3"/>
      </object_component>
      <object_component id="oc-3c">
         <name>.debug_info</name>
         <load_address>0x2c6a</load_address>
         <run_address>0x2c6a</run_address>
         <size>0x84</size>
         <input_file_ref idref="fl-3"/>
      </object_component>
      <object_component id="oc-122">
         <name>.debug_info</name>
         <load_address>0x2cee</load_address>
         <run_address>0x2cee</run_address>
         <size>0x333</size>
         <input_file_ref idref="fl-bd"/>
      </object_component>
      <object_component id="oc-a1">
         <name>.debug_info</name>
         <load_address>0x3021</load_address>
         <run_address>0x3021</run_address>
         <size>0x1d1</size>
         <input_file_ref idref="fl-bd"/>
      </object_component>
      <object_component id="oc-118">
         <name>.debug_info</name>
         <load_address>0x31f2</load_address>
         <run_address>0x31f2</run_address>
         <size>0x18d</size>
         <input_file_ref idref="fl-bd"/>
      </object_component>
      <object_component id="oc-11e">
         <name>.debug_info</name>
         <load_address>0x337f</load_address>
         <run_address>0x337f</run_address>
         <size>0x16d</size>
         <input_file_ref idref="fl-bd"/>
      </object_component>
      <object_component id="oc-250">
         <name>.debug_info</name>
         <load_address>0x34ec</load_address>
         <run_address>0x34ec</run_address>
         <size>0x2c</size>
         <input_file_ref idref="fl-bd"/>
      </object_component>
      <object_component id="oc-43">
         <name>.debug_info</name>
         <load_address>0x3518</load_address>
         <run_address>0x3518</run_address>
         <size>0x119</size>
         <input_file_ref idref="fl-be"/>
      </object_component>
      <object_component id="oc-8b">
         <name>.debug_info</name>
         <load_address>0x3631</load_address>
         <run_address>0x3631</run_address>
         <size>0x147</size>
         <input_file_ref idref="fl-bf"/>
      </object_component>
      <object_component id="oc-e1">
         <name>.debug_info</name>
         <load_address>0x3778</load_address>
         <run_address>0x3778</run_address>
         <size>0x2d4</size>
         <input_file_ref idref="fl-c0"/>
      </object_component>
      <object_component id="oc-56">
         <name>.debug_info</name>
         <load_address>0x3a4c</load_address>
         <run_address>0x3a4c</run_address>
         <size>0x1b5</size>
         <input_file_ref idref="fl-c0"/>
      </object_component>
      <object_component id="oc-dc">
         <name>.debug_info</name>
         <load_address>0x3c01</load_address>
         <run_address>0x3c01</run_address>
         <size>0x46</size>
         <input_file_ref idref="fl-c0"/>
      </object_component>
      <object_component id="oc-4c">
         <name>.debug_info</name>
         <load_address>0x3c47</load_address>
         <run_address>0x3c47</run_address>
         <size>0x2a8</size>
         <input_file_ref idref="fl-c1"/>
      </object_component>
      <object_component id="oc-1f">
         <name>.debug_info</name>
         <load_address>0x3eef</load_address>
         <run_address>0x3eef</run_address>
         <size>0x1ea</size>
         <input_file_ref idref="fl-c1"/>
      </object_component>
      <object_component id="oc-47">
         <name>.debug_info</name>
         <load_address>0x40d9</load_address>
         <run_address>0x40d9</run_address>
         <size>0x46</size>
         <input_file_ref idref="fl-c1"/>
      </object_component>
      <object_component id="oc-d4">
         <name>.debug_info</name>
         <load_address>0x411f</load_address>
         <run_address>0x411f</run_address>
         <size>0x2c</size>
         <input_file_ref idref="fl-c1"/>
      </object_component>
      <object_component id="oc-d2">
         <name>.debug_info</name>
         <load_address>0x414b</load_address>
         <run_address>0x414b</run_address>
         <size>0x29e</size>
         <input_file_ref idref="fl-c2"/>
      </object_component>
      <object_component id="oc-18">
         <name>.debug_info</name>
         <load_address>0x43e9</load_address>
         <run_address>0x43e9</run_address>
         <size>0x250</size>
         <input_file_ref idref="fl-c2"/>
      </object_component>
      <object_component id="oc-37">
         <name>.debug_info</name>
         <load_address>0x4639</load_address>
         <run_address>0x4639</run_address>
         <size>0x60</size>
         <input_file_ref idref="fl-c2"/>
      </object_component>
      <object_component id="oc-12d">
         <name>.debug_info</name>
         <load_address>0x4699</load_address>
         <run_address>0x4699</run_address>
         <size>0x46</size>
         <input_file_ref idref="fl-c2"/>
      </object_component>
      <object_component id="oc-cd">
         <name>.debug_info</name>
         <load_address>0x46df</load_address>
         <run_address>0x46df</run_address>
         <size>0x39</size>
         <input_file_ref idref="fl-c2"/>
      </object_component>
      <object_component id="oc-10e">
         <name>.debug_info</name>
         <load_address>0x4718</load_address>
         <run_address>0x4718</run_address>
         <size>0x2b9</size>
         <input_file_ref idref="fl-c3"/>
      </object_component>
      <object_component id="oc-9c">
         <name>.debug_info</name>
         <load_address>0x49d1</load_address>
         <run_address>0x49d1</run_address>
         <size>0x17c</size>
         <input_file_ref idref="fl-c3"/>
      </object_component>
      <object_component id="oc-17b">
         <name>.debug_info</name>
         <load_address>0x4b4d</load_address>
         <run_address>0x4b4d</run_address>
         <size>0xf9</size>
         <input_file_ref idref="fl-c4"/>
      </object_component>
      <object_component id="oc-109">
         <name>.debug_info</name>
         <load_address>0x4c46</load_address>
         <run_address>0x4c46</run_address>
         <size>0x105</size>
         <input_file_ref idref="fl-c4"/>
      </object_component>
      <object_component id="oc-102">
         <name>.debug_info</name>
         <load_address>0x4d4b</load_address>
         <run_address>0x4d4b</run_address>
         <size>0x28a</size>
         <input_file_ref idref="fl-c5"/>
      </object_component>
      <object_component id="oc-7d">
         <name>.debug_info</name>
         <load_address>0x4fd5</load_address>
         <run_address>0x4fd5</run_address>
         <size>0x273</size>
         <input_file_ref idref="fl-c5"/>
      </object_component>
      <object_component id="oc-106">
         <name>.debug_info</name>
         <load_address>0x5248</load_address>
         <run_address>0x5248</run_address>
         <size>0x28f</size>
         <input_file_ref idref="fl-c6"/>
      </object_component>
      <object_component id="oc-86">
         <name>.debug_info</name>
         <load_address>0x54d7</load_address>
         <run_address>0x54d7</run_address>
         <size>0x245</size>
         <input_file_ref idref="fl-c6"/>
      </object_component>
      <object_component id="oc-10c">
         <name>.debug_info</name>
         <load_address>0x571c</load_address>
         <run_address>0x571c</run_address>
         <size>0x2b6</size>
         <input_file_ref idref="fl-c7"/>
      </object_component>
      <object_component id="oc-91">
         <name>.debug_info</name>
         <load_address>0x59d2</load_address>
         <run_address>0x59d2</run_address>
         <size>0x154</size>
         <input_file_ref idref="fl-c7"/>
      </object_component>
      <object_component id="oc-25">
         <name>.debug_info</name>
         <load_address>0x5b26</load_address>
         <run_address>0x5b26</run_address>
         <size>0x10b</size>
         <input_file_ref idref="fl-c8"/>
      </object_component>
      <object_component id="oc-60">
         <name>.debug_info</name>
         <load_address>0x5c31</load_address>
         <run_address>0x5c31</run_address>
         <size>0x1a9</size>
         <input_file_ref idref="fl-c8"/>
      </object_component>
      <object_component id="oc-1b6">
         <name>.debug_info</name>
         <load_address>0x5dda</load_address>
         <run_address>0x5dda</run_address>
         <size>0x590</size>
         <input_file_ref idref="fl-c9"/>
      </object_component>
      <object_component id="oc-181">
         <name>.debug_info</name>
         <load_address>0x636a</load_address>
         <run_address>0x636a</run_address>
         <size>0x21e</size>
         <input_file_ref idref="fl-c9"/>
      </object_component>
      <object_component id="oc-214">
         <name>.debug_info</name>
         <load_address>0x6588</load_address>
         <run_address>0x6588</run_address>
         <size>0x1b3</size>
         <input_file_ref idref="fl-c9"/>
      </object_component>
      <object_component id="oc-219">
         <name>.debug_info</name>
         <load_address>0x673b</load_address>
         <run_address>0x673b</run_address>
         <size>0x21b</size>
         <input_file_ref idref="fl-c9"/>
      </object_component>
      <object_component id="oc-18d">
         <name>.debug_info</name>
         <load_address>0x6956</load_address>
         <run_address>0x6956</run_address>
         <size>0x3c0</size>
         <input_file_ref idref="fl-c9"/>
      </object_component>
      <object_component id="oc-221">
         <name>.debug_info</name>
         <load_address>0x6d16</load_address>
         <run_address>0x6d16</run_address>
         <size>0x30a</size>
         <input_file_ref idref="fl-c9"/>
      </object_component>
      <object_component id="oc-227">
         <name>.debug_info</name>
         <load_address>0x7020</load_address>
         <run_address>0x7020</run_address>
         <size>0x215</size>
         <input_file_ref idref="fl-c9"/>
      </object_component>
      <object_component id="oc-192">
         <name>.debug_info</name>
         <load_address>0x7235</load_address>
         <run_address>0x7235</run_address>
         <size>0x215</size>
         <input_file_ref idref="fl-c9"/>
      </object_component>
      <object_component id="oc-198">
         <name>.debug_info</name>
         <load_address>0x744a</load_address>
         <run_address>0x744a</run_address>
         <size>0x304</size>
         <input_file_ref idref="fl-c9"/>
      </object_component>
      <object_component id="oc-19e">
         <name>.debug_info</name>
         <load_address>0x774e</load_address>
         <run_address>0x774e</run_address>
         <size>0x4b5</size>
         <input_file_ref idref="fl-c9"/>
      </object_component>
      <object_component id="oc-111">
         <name>.debug_info</name>
         <load_address>0x7c03</load_address>
         <run_address>0x7c03</run_address>
         <size>0x5f4</size>
         <input_file_ref idref="fl-c9"/>
      </object_component>
      <object_component id="oc-1b7">
         <name>.debug_info</name>
         <load_address>0x81f7</load_address>
         <run_address>0x81f7</run_address>
         <size>0x86</size>
         <input_file_ref idref="fl-c9"/>
      </object_component>
      <object_component id="oc-255">
         <name>.debug_info</name>
         <load_address>0x827d</load_address>
         <run_address>0x827d</run_address>
         <size>0x39</size>
         <input_file_ref idref="fl-c9"/>
      </object_component>
      <object_component id="oc-2b0">
         <name>.debug_info</name>
         <load_address>0x82b6</load_address>
         <run_address>0x82b6</run_address>
         <size>0xb6</size>
         <input_file_ref idref="fl-c9"/>
      </object_component>
      <object_component id="oc-25a">
         <name>.debug_info</name>
         <load_address>0x836c</load_address>
         <run_address>0x836c</run_address>
         <size>0x46</size>
         <input_file_ref idref="fl-c9"/>
      </object_component>
      <object_component id="oc-1bc">
         <name>.debug_info</name>
         <load_address>0x83b2</load_address>
         <run_address>0x83b2</run_address>
         <size>0x46</size>
         <input_file_ref idref="fl-c9"/>
      </object_component>
      <object_component id="oc-20e">
         <name>.debug_info</name>
         <load_address>0x83f8</load_address>
         <run_address>0x83f8</run_address>
         <size>0x14c</size>
         <input_file_ref idref="fl-ca"/>
      </object_component>
      <object_component id="oc-187">
         <name>.debug_info</name>
         <load_address>0x8544</load_address>
         <run_address>0x8544</run_address>
         <size>0x128</size>
         <input_file_ref idref="fl-cb"/>
      </object_component>
      <object_component id="oc-1fa">
         <name>.debug_info</name>
         <load_address>0x866c</load_address>
         <run_address>0x866c</run_address>
         <size>0x12a</size>
         <input_file_ref idref="fl-cb"/>
      </object_component>
      <object_component id="oc-1f5">
         <name>.debug_info</name>
         <load_address>0x8796</load_address>
         <run_address>0x8796</run_address>
         <size>0x13a</size>
         <input_file_ref idref="fl-cc"/>
      </object_component>
      <object_component id="oc-1f0">
         <name>.debug_info</name>
         <load_address>0x88d0</load_address>
         <run_address>0x88d0</run_address>
         <size>0x13a</size>
         <input_file_ref idref="fl-cd"/>
      </object_component>
      <object_component id="oc-1fe">
         <name>.debug_info</name>
         <load_address>0x8a0a</load_address>
         <run_address>0x8a0a</run_address>
         <size>0x12e</size>
         <input_file_ref idref="fl-ce"/>
      </object_component>
      <object_component id="oc-20b">
         <name>.debug_info</name>
         <load_address>0x8b38</load_address>
         <run_address>0x8b38</run_address>
         <size>0x12c</size>
         <input_file_ref idref="fl-cf"/>
      </object_component>
      <object_component id="oc-1e9">
         <name>.debug_info</name>
         <load_address>0x8c64</load_address>
         <run_address>0x8c64</run_address>
         <size>0x134</size>
         <input_file_ref idref="fl-d0"/>
      </object_component>
      <object_component id="oc-1d0">
         <name>.debug_info</name>
         <load_address>0x8d98</load_address>
         <run_address>0x8d98</run_address>
         <size>0x4b3</size>
         <input_file_ref idref="fl-d1"/>
      </object_component>
      <object_component id="oc-145">
         <name>.debug_info</name>
         <load_address>0x924b</load_address>
         <run_address>0x924b</run_address>
         <size>0x1a6</size>
         <input_file_ref idref="fl-d1"/>
      </object_component>
      <object_component id="oc-26f">
         <name>.debug_info</name>
         <load_address>0x93f1</load_address>
         <run_address>0x93f1</run_address>
         <size>0x39</size>
         <input_file_ref idref="fl-d1"/>
      </object_component>
      <object_component id="oc-2b8">
         <name>.debug_info</name>
         <load_address>0x942a</load_address>
         <run_address>0x942a</run_address>
         <size>0x39</size>
         <input_file_ref idref="fl-d1"/>
      </object_component>
      <object_component id="oc-274">
         <name>.debug_info</name>
         <load_address>0x9463</load_address>
         <run_address>0x9463</run_address>
         <size>0x39</size>
         <input_file_ref idref="fl-d1"/>
      </object_component>
      <object_component id="oc-279">
         <name>.debug_info</name>
         <load_address>0x949c</load_address>
         <run_address>0x949c</run_address>
         <size>0xcd</size>
         <input_file_ref idref="fl-d1"/>
      </object_component>
      <object_component id="oc-e7">
         <name>.debug_info</name>
         <load_address>0x9569</load_address>
         <run_address>0x9569</run_address>
         <size>0x153</size>
         <input_file_ref idref="fl-d2"/>
      </object_component>
      <object_component id="oc-139">
         <name>.debug_info</name>
         <load_address>0x96bc</load_address>
         <run_address>0x96bc</run_address>
         <size>0x122</size>
         <input_file_ref idref="fl-d4"/>
      </object_component>
      <object_component id="oc-28b">
         <name>.debug_info</name>
         <load_address>0x97de</load_address>
         <run_address>0x97de</run_address>
         <size>0x29c</size>
         <input_file_ref idref="fl-d6"/>
      </object_component>
      <object_component id="oc-205">
         <name>.debug_info</name>
         <load_address>0x9a7a</load_address>
         <run_address>0x9a7a</run_address>
         <size>0x1da</size>
         <input_file_ref idref="fl-d6"/>
      </object_component>
      <object_component id="oc-241">
         <name>.debug_info</name>
         <load_address>0x9c54</load_address>
         <run_address>0x9c54</run_address>
         <size>0x2a7</size>
         <input_file_ref idref="fl-d8"/>
      </object_component>
      <object_component id="oc-1a5">
         <name>.debug_info</name>
         <load_address>0x9efb</load_address>
         <run_address>0x9efb</run_address>
         <size>0x1b8</size>
         <input_file_ref idref="fl-d8"/>
      </object_component>
      <object_component id="oc-2a2">
         <name>.debug_info</name>
         <load_address>0xa0b3</load_address>
         <run_address>0xa0b3</run_address>
         <size>0x29a</size>
         <input_file_ref idref="fl-d9"/>
      </object_component>
      <object_component id="oc-23b">
         <name>.debug_info</name>
         <load_address>0xa34d</load_address>
         <run_address>0xa34d</run_address>
         <size>0x262</size>
         <input_file_ref idref="fl-d9"/>
      </object_component>
      <object_component id="oc-24d">
         <name>.debug_info</name>
         <load_address>0xa5af</load_address>
         <run_address>0xa5af</run_address>
         <size>0x289</size>
         <input_file_ref idref="fl-da"/>
      </object_component>
      <object_component id="oc-24a">
         <name>.debug_info</name>
         <load_address>0xa838</load_address>
         <run_address>0xa838</run_address>
         <size>0x10e</size>
         <input_file_ref idref="fl-da"/>
      </object_component>
      <object_component id="oc-1b3">
         <name>.debug_info</name>
         <load_address>0xa946</load_address>
         <run_address>0xa946</run_address>
         <size>0x14e</size>
         <input_file_ref idref="fl-da"/>
      </object_component>
      <object_component id="oc-293">
         <name>.debug_info</name>
         <load_address>0xaa94</load_address>
         <run_address>0xaa94</run_address>
         <size>0x29a</size>
         <input_file_ref idref="fl-db"/>
      </object_component>
      <object_component id="oc-22e">
         <name>.debug_info</name>
         <load_address>0xad2e</load_address>
         <run_address>0xad2e</run_address>
         <size>0x195</size>
         <input_file_ref idref="fl-db"/>
      </object_component>
      <object_component id="oc-2c9">
         <name>.debug_info</name>
         <load_address>0xaec3</load_address>
         <run_address>0xaec3</run_address>
         <size>0x39</size>
         <input_file_ref idref="fl-db"/>
      </object_component>
      <object_component id="oc-294">
         <name>.debug_info</name>
         <load_address>0xaefc</load_address>
         <run_address>0xaefc</run_address>
         <size>0x2c</size>
         <input_file_ref idref="fl-db"/>
      </object_component>
      <object_component id="oc-2a0">
         <name>.debug_info</name>
         <load_address>0xaf28</load_address>
         <run_address>0xaf28</run_address>
         <size>0x2fd</size>
         <input_file_ref idref="fl-dc"/>
      </object_component>
      <object_component id="oc-234">
         <name>.debug_info</name>
         <load_address>0xb225</load_address>
         <run_address>0xb225</run_address>
         <size>0x225</size>
         <input_file_ref idref="fl-dc"/>
      </object_component>
      <object_component id="oc-29c">
         <name>.debug_info</name>
         <load_address>0xb44a</load_address>
         <run_address>0xb44a</run_address>
         <size>0x161</size>
         <input_file_ref idref="fl-dd"/>
      </object_component>
      <object_component id="oc-248">
         <name>.debug_info</name>
         <load_address>0xb5ab</load_address>
         <run_address>0xb5ab</run_address>
         <size>0x28f</size>
         <input_file_ref idref="fl-de"/>
      </object_component>
      <object_component id="oc-1ac">
         <name>.debug_info</name>
         <load_address>0xb83a</load_address>
         <run_address>0xb83a</run_address>
         <size>0x15a</size>
         <input_file_ref idref="fl-de"/>
      </object_component>
      <object_component id="oc-2a5">
         <name>.debug_info</name>
         <load_address>0xb994</load_address>
         <run_address>0xb994</run_address>
         <size>0x46</size>
         <input_file_ref idref="fl-de"/>
      </object_component>
      <object_component id="oc-243">
         <name>.debug_info</name>
         <load_address>0xb9da</load_address>
         <run_address>0xb9da</run_address>
         <size>0x39</size>
         <input_file_ref idref="fl-de"/>
      </object_component>
      <object_component id="oc-281">
         <name>.debug_info</name>
         <load_address>0xba13</load_address>
         <run_address>0xba13</run_address>
         <size>0x115</size>
         <input_file_ref idref="fl-df"/>
      </object_component>
      <object_component id="oc-302">
         <name>.debug_info</name>
         <load_address>0xbb28</load_address>
         <run_address>0xbb28</run_address>
         <size>0xb0</size>
      </object_component>
      <object_component id="oc-f6">
         <name>.debug_line</name>
         <load_address>0x0</load_address>
         <run_address>0x0</run_address>
         <size>0x157</size>
         <input_file_ref idref="fl-2"/>
      </object_component>
      <object_component id="oc-104">
         <name>.debug_line</name>
         <load_address>0x157</load_address>
         <run_address>0x157</run_address>
         <size>0x2d</size>
         <input_file_ref idref="fl-2"/>
      </object_component>
      <object_component id="oc-2e">
         <name>.debug_line</name>
         <load_address>0x184</load_address>
         <run_address>0x184</run_address>
         <size>0x5e5</size>
         <input_file_ref idref="fl-2"/>
      </object_component>
      <object_component id="oc-cb">
         <name>.debug_line</name>
         <load_address>0x769</load_address>
         <run_address>0x769</run_address>
         <size>0x6f</size>
         <input_file_ref idref="fl-2"/>
      </object_component>
      <object_component id="oc-c4">
         <name>.debug_line</name>
         <load_address>0x7d8</load_address>
         <run_address>0x7d8</run_address>
         <size>0x20</size>
         <input_file_ref idref="fl-2"/>
      </object_component>
      <object_component id="oc-12b">
         <name>.debug_line</name>
         <load_address>0x7f8</load_address>
         <run_address>0x7f8</run_address>
         <size>0x73</size>
         <input_file_ref idref="fl-2"/>
      </object_component>
      <object_component id="oc-bf">
         <name>.debug_line</name>
         <load_address>0x86b</load_address>
         <run_address>0x86b</run_address>
         <size>0x70</size>
         <input_file_ref idref="fl-2"/>
      </object_component>
      <object_component id="oc-ff">
         <name>.debug_line</name>
         <load_address>0x8db</load_address>
         <run_address>0x8db</run_address>
         <size>0x6b</size>
         <input_file_ref idref="fl-2"/>
      </object_component>
      <object_component id="oc-126">
         <name>.debug_line</name>
         <load_address>0x946</load_address>
         <run_address>0x946</run_address>
         <size>0x6b</size>
         <input_file_ref idref="fl-2"/>
      </object_component>
      <object_component id="oc-fa">
         <name>.debug_line</name>
         <load_address>0x9b1</load_address>
         <run_address>0x9b1</run_address>
         <size>0x2d</size>
         <input_file_ref idref="fl-2"/>
      </object_component>
      <object_component id="oc-c7">
         <name>.debug_line</name>
         <load_address>0x9de</load_address>
         <run_address>0x9de</run_address>
         <size>0x41</size>
         <input_file_ref idref="fl-3"/>
      </object_component>
      <object_component id="oc-34">
         <name>.debug_line</name>
         <load_address>0xa1f</load_address>
         <run_address>0xa1f</run_address>
         <size>0x41</size>
         <input_file_ref idref="fl-3"/>
      </object_component>
      <object_component id="oc-28">
         <name>.debug_line</name>
         <load_address>0xa60</load_address>
         <run_address>0xa60</run_address>
         <size>0xa1</size>
         <input_file_ref idref="fl-3"/>
      </object_component>
      <object_component id="oc-3f">
         <name>.debug_line</name>
         <load_address>0xb01</load_address>
         <run_address>0xb01</run_address>
         <size>0x20</size>
         <input_file_ref idref="fl-3"/>
      </object_component>
      <object_component id="oc-1c4">
         <name>.debug_line</name>
         <load_address>0xb21</load_address>
         <run_address>0xb21</run_address>
         <size>0x2d</size>
         <input_file_ref idref="fl-bd"/>
      </object_component>
      <object_component id="oc-a4">
         <name>.debug_line</name>
         <load_address>0xb4e</load_address>
         <run_address>0xb4e</run_address>
         <size>0x4b</size>
         <input_file_ref idref="fl-bd"/>
      </object_component>
      <object_component id="oc-117">
         <name>.debug_line</name>
         <load_address>0xb99</load_address>
         <run_address>0xb99</run_address>
         <size>0x4b</size>
         <input_file_ref idref="fl-bd"/>
      </object_component>
      <object_component id="oc-11c">
         <name>.debug_line</name>
         <load_address>0xbe4</load_address>
         <run_address>0xbe4</run_address>
         <size>0x3f</size>
         <input_file_ref idref="fl-bd"/>
      </object_component>
      <object_component id="oc-253">
         <name>.debug_line</name>
         <load_address>0xc23</load_address>
         <run_address>0xc23</run_address>
         <size>0x91</size>
         <input_file_ref idref="fl-bd"/>
      </object_component>
      <object_component id="oc-45">
         <name>.debug_line</name>
         <load_address>0xcb4</load_address>
         <run_address>0xcb4</run_address>
         <size>0x88</size>
         <input_file_ref idref="fl-be"/>
      </object_component>
      <object_component id="oc-8e">
         <name>.debug_line</name>
         <load_address>0xd3c</load_address>
         <run_address>0xd3c</run_address>
         <size>0x79</size>
         <input_file_ref idref="fl-bf"/>
      </object_component>
      <object_component id="oc-135">
         <name>.debug_line</name>
         <load_address>0xdb5</load_address>
         <run_address>0xdb5</run_address>
         <size>0x92</size>
         <input_file_ref idref="fl-c0"/>
      </object_component>
      <object_component id="oc-54">
         <name>.debug_line</name>
         <load_address>0xe47</load_address>
         <run_address>0xe47</run_address>
         <size>0x53</size>
         <input_file_ref idref="fl-c0"/>
      </object_component>
      <object_component id="oc-df">
         <name>.debug_line</name>
         <load_address>0xe9a</load_address>
         <run_address>0xe9a</run_address>
         <size>0x34</size>
         <input_file_ref idref="fl-c0"/>
      </object_component>
      <object_component id="oc-da">
         <name>.debug_line</name>
         <load_address>0xece</load_address>
         <run_address>0xece</run_address>
         <size>0x20</size>
         <input_file_ref idref="fl-c1"/>
      </object_component>
      <object_component id="oc-1c">
         <name>.debug_line</name>
         <load_address>0xeee</load_address>
         <run_address>0xeee</run_address>
         <size>0x55</size>
         <input_file_ref idref="fl-c1"/>
      </object_component>
      <object_component id="oc-4a">
         <name>.debug_line</name>
         <load_address>0xf43</load_address>
         <run_address>0xf43</run_address>
         <size>0x3a</size>
         <input_file_ref idref="fl-c1"/>
      </object_component>
      <object_component id="oc-d7">
         <name>.debug_line</name>
         <load_address>0xf7d</load_address>
         <run_address>0xf7d</run_address>
         <size>0x92</size>
         <input_file_ref idref="fl-c1"/>
      </object_component>
      <object_component id="oc-133">
         <name>.debug_line</name>
         <load_address>0x100f</load_address>
         <run_address>0x100f</run_address>
         <size>0x20</size>
         <input_file_ref idref="fl-c2"/>
      </object_component>
      <object_component id="oc-1a">
         <name>.debug_line</name>
         <load_address>0x102f</load_address>
         <run_address>0x102f</run_address>
         <size>0xa9</size>
         <input_file_ref idref="fl-c2"/>
      </object_component>
      <object_component id="oc-3a">
         <name>.debug_line</name>
         <load_address>0x10d8</load_address>
         <run_address>0x10d8</run_address>
         <size>0x3a</size>
         <input_file_ref idref="fl-c2"/>
      </object_component>
      <object_component id="oc-130">
         <name>.debug_line</name>
         <load_address>0x1112</load_address>
         <run_address>0x1112</run_address>
         <size>0x9a</size>
         <input_file_ref idref="fl-c2"/>
      </object_component>
      <object_component id="oc-d0">
         <name>.debug_line</name>
         <load_address>0x11ac</load_address>
         <run_address>0x11ac</run_address>
         <size>0x96</size>
         <input_file_ref idref="fl-c2"/>
      </object_component>
      <object_component id="oc-17f">
         <name>.debug_line</name>
         <load_address>0x1242</load_address>
         <run_address>0x1242</run_address>
         <size>0x91</size>
         <input_file_ref idref="fl-c3"/>
      </object_component>
      <object_component id="oc-9a">
         <name>.debug_line</name>
         <load_address>0x12d3</load_address>
         <run_address>0x12d3</run_address>
         <size>0x63</size>
         <input_file_ref idref="fl-c3"/>
      </object_component>
      <object_component id="oc-1e6">
         <name>.debug_line</name>
         <load_address>0x1336</load_address>
         <run_address>0x1336</run_address>
         <size>0x20</size>
         <input_file_ref idref="fl-c4"/>
      </object_component>
      <object_component id="oc-17a">
         <name>.debug_line</name>
         <load_address>0x1356</load_address>
         <run_address>0x1356</run_address>
         <size>0x2b</size>
         <input_file_ref idref="fl-c4"/>
      </object_component>
      <object_component id="oc-176">
         <name>.debug_line</name>
         <load_address>0x1381</load_address>
         <run_address>0x1381</run_address>
         <size>0x20</size>
         <input_file_ref idref="fl-c5"/>
      </object_component>
      <object_component id="oc-7a">
         <name>.debug_line</name>
         <load_address>0x13a1</load_address>
         <run_address>0x13a1</run_address>
         <size>0xad</size>
         <input_file_ref idref="fl-c5"/>
      </object_component>
      <object_component id="oc-178">
         <name>.debug_line</name>
         <load_address>0x144e</load_address>
         <run_address>0x144e</run_address>
         <size>0x20</size>
         <input_file_ref idref="fl-c6"/>
      </object_component>
      <object_component id="oc-85">
         <name>.debug_line</name>
         <load_address>0x146e</load_address>
         <run_address>0x146e</run_address>
         <size>0xb2</size>
         <input_file_ref idref="fl-c6"/>
      </object_component>
      <object_component id="oc-17d">
         <name>.debug_line</name>
         <load_address>0x1520</load_address>
         <run_address>0x1520</run_address>
         <size>0x91</size>
         <input_file_ref idref="fl-c7"/>
      </object_component>
      <object_component id="oc-94">
         <name>.debug_line</name>
         <load_address>0x15b1</load_address>
         <run_address>0x15b1</run_address>
         <size>0x3f</size>
         <input_file_ref idref="fl-c7"/>
      </object_component>
      <object_component id="oc-72">
         <name>.debug_line</name>
         <load_address>0x15f0</load_address>
         <run_address>0x15f0</run_address>
         <size>0x33</size>
         <input_file_ref idref="fl-c8"/>
      </object_component>
      <object_component id="oc-63">
         <name>.debug_line</name>
         <load_address>0x1623</load_address>
         <run_address>0x1623</run_address>
         <size>0x45</size>
         <input_file_ref idref="fl-c8"/>
      </object_component>
      <object_component id="oc-24f">
         <name>.debug_line</name>
         <load_address>0x1668</load_address>
         <run_address>0x1668</run_address>
         <size>0x264</size>
         <input_file_ref idref="fl-c9"/>
      </object_component>
      <object_component id="oc-184">
         <name>.debug_line</name>
         <load_address>0x18cc</load_address>
         <run_address>0x18cc</run_address>
         <size>0x7a</size>
         <input_file_ref idref="fl-c9"/>
      </object_component>
      <object_component id="oc-213">
         <name>.debug_line</name>
         <load_address>0x1946</load_address>
         <run_address>0x1946</run_address>
         <size>0x51</size>
         <input_file_ref idref="fl-c9"/>
      </object_component>
      <object_component id="oc-21c">
         <name>.debug_line</name>
         <load_address>0x1997</load_address>
         <run_address>0x1997</run_address>
         <size>0x88</size>
         <input_file_ref idref="fl-c9"/>
      </object_component>
      <object_component id="oc-18c">
         <name>.debug_line</name>
         <load_address>0x1a1f</load_address>
         <run_address>0x1a1f</run_address>
         <size>0x14d</size>
         <input_file_ref idref="fl-c9"/>
      </object_component>
      <object_component id="oc-220">
         <name>.debug_line</name>
         <load_address>0x1b6c</load_address>
         <run_address>0x1b6c</run_address>
         <size>0xee</size>
         <input_file_ref idref="fl-c9"/>
      </object_component>
      <object_component id="oc-226">
         <name>.debug_line</name>
         <load_address>0x1c5a</load_address>
         <run_address>0x1c5a</run_address>
         <size>0x5d</size>
         <input_file_ref idref="fl-c9"/>
      </object_component>
      <object_component id="oc-195">
         <name>.debug_line</name>
         <load_address>0x1cb7</load_address>
         <run_address>0x1cb7</run_address>
         <size>0x5c</size>
         <input_file_ref idref="fl-c9"/>
      </object_component>
      <object_component id="oc-19b">
         <name>.debug_line</name>
         <load_address>0x1d13</load_address>
         <run_address>0x1d13</run_address>
         <size>0xae</size>
         <input_file_ref idref="fl-c9"/>
      </object_component>
      <object_component id="oc-1a1">
         <name>.debug_line</name>
         <load_address>0x1dc1</load_address>
         <run_address>0x1dc1</run_address>
         <size>0x1b0</size>
         <input_file_ref idref="fl-c9"/>
      </object_component>
      <object_component id="oc-110">
         <name>.debug_line</name>
         <load_address>0x1f71</load_address>
         <run_address>0x1f71</run_address>
         <size>0x76f</size>
         <input_file_ref idref="fl-c9"/>
      </object_component>
      <object_component id="oc-1ba">
         <name>.debug_line</name>
         <load_address>0x26e0</load_address>
         <run_address>0x26e0</run_address>
         <size>0x92</size>
         <input_file_ref idref="fl-c9"/>
      </object_component>
      <object_component id="oc-258">
         <name>.debug_line</name>
         <load_address>0x2772</load_address>
         <run_address>0x2772</run_address>
         <size>0x92</size>
         <input_file_ref idref="fl-c9"/>
      </object_component>
      <object_component id="oc-2b3">
         <name>.debug_line</name>
         <load_address>0x2804</load_address>
         <run_address>0x2804</run_address>
         <size>0x9a</size>
         <input_file_ref idref="fl-c9"/>
      </object_component>
      <object_component id="oc-25d">
         <name>.debug_line</name>
         <load_address>0x289e</load_address>
         <run_address>0x289e</run_address>
         <size>0x97</size>
         <input_file_ref idref="fl-c9"/>
      </object_component>
      <object_component id="oc-1bf">
         <name>.debug_line</name>
         <load_address>0x2935</load_address>
         <run_address>0x2935</run_address>
         <size>0x2e</size>
         <input_file_ref idref="fl-c9"/>
      </object_component>
      <object_component id="oc-211">
         <name>.debug_line</name>
         <load_address>0x2963</load_address>
         <run_address>0x2963</run_address>
         <size>0xd2</size>
         <input_file_ref idref="fl-ca"/>
      </object_component>
      <object_component id="oc-18a">
         <name>.debug_line</name>
         <load_address>0x2a35</load_address>
         <run_address>0x2a35</run_address>
         <size>0x77</size>
         <input_file_ref idref="fl-cb"/>
      </object_component>
      <object_component id="oc-1f9">
         <name>.debug_line</name>
         <load_address>0x2aac</load_address>
         <run_address>0x2aac</run_address>
         <size>0x77</size>
         <input_file_ref idref="fl-cb"/>
      </object_component>
      <object_component id="oc-1f4">
         <name>.debug_line</name>
         <load_address>0x2b23</load_address>
         <run_address>0x2b23</run_address>
         <size>0xa8</size>
         <input_file_ref idref="fl-cc"/>
      </object_component>
      <object_component id="oc-1ef">
         <name>.debug_line</name>
         <load_address>0x2bcb</load_address>
         <run_address>0x2bcb</run_address>
         <size>0x8e</size>
         <input_file_ref idref="fl-cd"/>
      </object_component>
      <object_component id="oc-201">
         <name>.debug_line</name>
         <load_address>0x2c59</load_address>
         <run_address>0x2c59</run_address>
         <size>0x5a</size>
         <input_file_ref idref="fl-ce"/>
      </object_component>
      <object_component id="oc-20a">
         <name>.debug_line</name>
         <load_address>0x2cb3</load_address>
         <run_address>0x2cb3</run_address>
         <size>0x50</size>
         <input_file_ref idref="fl-cf"/>
      </object_component>
      <object_component id="oc-1eb">
         <name>.debug_line</name>
         <load_address>0x2d03</load_address>
         <run_address>0x2d03</run_address>
         <size>0x81</size>
         <input_file_ref idref="fl-d0"/>
      </object_component>
      <object_component id="oc-26e">
         <name>.debug_line</name>
         <load_address>0x2d84</load_address>
         <run_address>0x2d84</run_address>
         <size>0xbf</size>
         <input_file_ref idref="fl-d1"/>
      </object_component>
      <object_component id="oc-147">
         <name>.debug_line</name>
         <load_address>0x2e43</load_address>
         <run_address>0x2e43</run_address>
         <size>0x6f</size>
         <input_file_ref idref="fl-d1"/>
      </object_component>
      <object_component id="oc-272">
         <name>.debug_line</name>
         <load_address>0x2eb2</load_address>
         <run_address>0x2eb2</run_address>
         <size>0x2e</size>
         <input_file_ref idref="fl-d1"/>
      </object_component>
      <object_component id="oc-2bb">
         <name>.debug_line</name>
         <load_address>0x2ee0</load_address>
         <run_address>0x2ee0</run_address>
         <size>0x9a</size>
         <input_file_ref idref="fl-d1"/>
      </object_component>
      <object_component id="oc-277">
         <name>.debug_line</name>
         <load_address>0x2f7a</load_address>
         <run_address>0x2f7a</run_address>
         <size>0x97</size>
         <input_file_ref idref="fl-d1"/>
      </object_component>
      <object_component id="oc-27c">
         <name>.debug_line</name>
         <load_address>0x3011</load_address>
         <run_address>0x3011</run_address>
         <size>0x93</size>
         <input_file_ref idref="fl-d1"/>
      </object_component>
      <object_component id="oc-e6">
         <name>.debug_line</name>
         <load_address>0x30a4</load_address>
         <run_address>0x30a4</run_address>
         <size>0x40</size>
         <input_file_ref idref="fl-d2"/>
      </object_component>
      <object_component id="oc-138">
         <name>.debug_line</name>
         <load_address>0x30e4</load_address>
         <run_address>0x30e4</run_address>
         <size>0x3c</size>
         <input_file_ref idref="fl-d4"/>
      </object_component>
      <object_component id="oc-2c6">
         <name>.debug_line</name>
         <load_address>0x3120</load_address>
         <run_address>0x3120</run_address>
         <size>0x20</size>
         <input_file_ref idref="fl-d6"/>
      </object_component>
      <object_component id="oc-204">
         <name>.debug_line</name>
         <load_address>0x3140</load_address>
         <run_address>0x3140</run_address>
         <size>0x67</size>
         <input_file_ref idref="fl-d6"/>
      </object_component>
      <object_component id="oc-2a4">
         <name>.debug_line</name>
         <load_address>0x31a7</load_address>
         <run_address>0x31a7</run_address>
         <size>0x20</size>
         <input_file_ref idref="fl-d8"/>
      </object_component>
      <object_component id="oc-1a4">
         <name>.debug_line</name>
         <load_address>0x31c7</load_address>
         <run_address>0x31c7</run_address>
         <size>0x48</size>
         <input_file_ref idref="fl-d8"/>
      </object_component>
      <object_component id="oc-2d2">
         <name>.debug_line</name>
         <load_address>0x320f</load_address>
         <run_address>0x320f</run_address>
         <size>0x20</size>
         <input_file_ref idref="fl-d9"/>
      </object_component>
      <object_component id="oc-23e">
         <name>.debug_line</name>
         <load_address>0x322f</load_address>
         <run_address>0x322f</run_address>
         <size>0xb0</size>
         <input_file_ref idref="fl-d9"/>
      </object_component>
      <object_component id="oc-2af">
         <name>.debug_line</name>
         <load_address>0x32df</load_address>
         <run_address>0x32df</run_address>
         <size>0x20</size>
         <input_file_ref idref="fl-da"/>
      </object_component>
      <object_component id="oc-2ad">
         <name>.debug_line</name>
         <load_address>0x32ff</load_address>
         <run_address>0x32ff</run_address>
         <size>0x2b</size>
         <input_file_ref idref="fl-da"/>
      </object_component>
      <object_component id="oc-1b0">
         <name>.debug_line</name>
         <load_address>0x332a</load_address>
         <run_address>0x332a</run_address>
         <size>0x40</size>
         <input_file_ref idref="fl-da"/>
      </object_component>
      <object_component id="oc-2c8">
         <name>.debug_line</name>
         <load_address>0x336a</load_address>
         <run_address>0x336a</run_address>
         <size>0x20</size>
         <input_file_ref idref="fl-db"/>
      </object_component>
      <object_component id="oc-232">
         <name>.debug_line</name>
         <load_address>0x338a</load_address>
         <run_address>0x338a</run_address>
         <size>0x5e</size>
         <input_file_ref idref="fl-db"/>
      </object_component>
      <object_component id="oc-2cc">
         <name>.debug_line</name>
         <load_address>0x33e8</load_address>
         <run_address>0x33e8</run_address>
         <size>0x9a</size>
         <input_file_ref idref="fl-db"/>
      </object_component>
      <object_component id="oc-297">
         <name>.debug_line</name>
         <load_address>0x3482</load_address>
         <run_address>0x3482</run_address>
         <size>0x97</size>
         <input_file_ref idref="fl-db"/>
      </object_component>
      <object_component id="oc-2d0">
         <name>.debug_line</name>
         <load_address>0x3519</load_address>
         <run_address>0x3519</run_address>
         <size>0x9b</size>
         <input_file_ref idref="fl-dc"/>
      </object_component>
      <object_component id="oc-237">
         <name>.debug_line</name>
         <load_address>0x35b4</load_address>
         <run_address>0x35b4</run_address>
         <size>0x9c</size>
         <input_file_ref idref="fl-dc"/>
      </object_component>
      <object_component id="oc-29b">
         <name>.debug_line</name>
         <load_address>0x3650</load_address>
         <run_address>0x3650</run_address>
         <size>0x48</size>
         <input_file_ref idref="fl-dd"/>
      </object_component>
      <object_component id="oc-2ab">
         <name>.debug_line</name>
         <load_address>0x3698</load_address>
         <run_address>0x3698</run_address>
         <size>0x20</size>
         <input_file_ref idref="fl-de"/>
      </object_component>
      <object_component id="oc-1aa">
         <name>.debug_line</name>
         <load_address>0x36b8</load_address>
         <run_address>0x36b8</run_address>
         <size>0x46</size>
         <input_file_ref idref="fl-de"/>
      </object_component>
      <object_component id="oc-2a8">
         <name>.debug_line</name>
         <load_address>0x36fe</load_address>
         <run_address>0x36fe</run_address>
         <size>0x9a</size>
         <input_file_ref idref="fl-de"/>
      </object_component>
      <object_component id="oc-246">
         <name>.debug_line</name>
         <load_address>0x3798</load_address>
         <run_address>0x3798</run_address>
         <size>0x91</size>
         <input_file_ref idref="fl-de"/>
      </object_component>
[...]
         </cprec>
      </cptbl>
   </cptbl_list>
   <handler_table>
      <handler_table_name>__TI_handler_table</handler_table_name>
      <handler>
         <index>0x0</index>
         <name>__TI_decompress_lzss</name>
      </handler>
      <handler>
         <index>0x1</index>
         <name>__TI_decompress_none</name>
      </handler>
      <handler>
         <index>0x2</index>
         <name>__TI_zero_init</name>
      </handler>
   </handler_table>
   <symbol_table>
      <symbol id="sm-1">
         <name>__STACK_TOP</name>
         <value>0x200007d8</value>
      </symbol>
      <symbol id="sm-2">
         <name>__start___llvm_prf_cnts</name>
         <value>0x20000000</value>
      </symbol>
      <symbol id="sm-3">
         <name>__stop___llvm_prf_cnts</name>
         <value>0x20000000</value>
      </symbol>
      <symbol id="sm-4">
         <name>__TI_CINIT_Base</name>
         <value>0x3760</value>
      </symbol>
      <symbol id="sm-5">
         <name>__TI_CINIT_Limit</name>
         <value>0x3770</value>
      </symbol>
      <symbol id="sm-6">
         <name>__TI_Handler_Table_Base</name>
         <value>0x374c</value>
      </symbol>
      <symbol id="sm-7">
         <name>__TI_Handler_Table_Limit</name>
         <value>0x3758</value>
      </symbol>
      <symbol id="sm-8">
         <name>binit</name>
         <value>0xffffffff</value>
      </symbol>
      <symbol id="sm-9">
         <name>__binit__</name>
         <value>0xffffffff</value>
      </symbol>
      <symbol id="sm-a">
         <name>__STACK_SIZE</name>
         <value>0x200</value>
      </symbol>
      <symbol id="sm-b">
         <name>__STACK_END</name>
         <value>0x200007d8</value>
      </symbol>
      <symbol id="sm-c">
         <name>__c_args__</name>
         <value>0xffffffff</value>
      </symbol>
      <symbol id="sm-d">
         <name>__TI_pprof_out_hndl</name>
         <value>0xffffffff</value>
      </symbol>
      <symbol id="sm-e">
         <name>__TI_prof_data_start</name>
         <value>0xffffffff</value>
      </symbol>
      <symbol id="sm-f">
         <name>__TI_prof_data_size</name>
         <value>0xffffffff</value>
      </symbol>
      <symbol id="sm-1c4">
         <name>str</name>
         <value>0x200004e4</value>
      </symbol>
      <symbol id="sm-1c5">
         <name>field_type</name>
         <value>0x2000059c</value>
      </symbol>
      <symbol id="sm-1c6">
         <name>debug_str</name>
         <value>0x20000538</value>
      </symbol>
      <symbol id="sm-1c7">
         <name>VALID_BIT_SET</name>
         <value>0x200005bc</value>
      </symbol>
      <symbol id="sm-1c8">
         <name>timeout</name>
         <value>0x200005c2</value>
      </symbol>
      <symbol id="sm-1c9">
         <name>count</name>
         <value>0x200005ce</value>
      </symbol>
      <symbol id="sm-1ca">
         <name>Total_fields</name>
         <value>0x200005ca</value>
      </symbol>
      <symbol id="sm-1cb">
         <name>k</name>
         <value>0x200005c0</value>
      </symbol>
      <symbol id="sm-1cc">
         <name>field_position</name>
         <value>0x20000588</value>
      </symbol>
      <symbol id="sm-1cd">
         <name>i</name>
         <value>0x200005d1</value>
      </symbol>
      <symbol id="sm-1ce">
         <name>address</name>
         <value>0x200005cb</value>
      </symbol>
      <symbol id="sm-1cf">
         <name>new_address</name>
         <value>0x200005d4</value>
      </symbol>
      <symbol id="sm-1d0">
         <name>channel</name>
         <value>0x200005cc</value>
      </symbol>
      <symbol id="sm-1d1">
         <name>value</name>
         <value>0x20000384</value>
      </symbol>
      <symbol id="sm-1d2">
         <name>CS_ENABLE</name>
         <value>0x200005c5</value>
      </symbol>
      <symbol id="sm-1d3">
         <name>RANDOM_ENABLE</name>
         <value>0x200005c7</value>
      </symbol>
      <symbol id="sm-1d4">
         <name>ACK_ON</name>
         <value>0x200005c4</value>
      </symbol>
      <symbol id="sm-1d5">
         <name>DATA</name>
         <value>0x20000000</value>
      </symbol>
      <symbol id="sm-1d6">
         <name>RX_DATA</name>
         <value>0x2000056c</value>
      </symbol>
      <symbol id="sm-1d7">
         <name>currentindex</name>
         <value>0x200005cf</value>
      </symbol>
      <symbol id="sm-1d8">
         <name>RXADDDATA</name>
         <value>0x200005c8</value>
      </symbol>
      <symbol id="sm-1d9">
         <name>RXdata</name>
         <value>0x200005c9</value>
      </symbol>
      <symbol id="sm-1da">
         <name>j</name>
         <value>0x200005d3</value>
      </symbol>
      <symbol id="sm-1db">
         <name>s</name>
         <value>0x200005d5</value>
      </symbol>
      <symbol id="sm-1dc">
         <name>i_for</name>
         <value>0x200005d2</value>
      </symbol>
      <symbol id="sm-1dd">
         <name>Inprogress</name>
         <value>0x200005c6</value>
      </symbol>
      <symbol id="sm-1de">
         <name>data_index</name>
         <value>0x200005d0</value>
      </symbol>
      <symbol id="sm-1df">
         <name>checksum_flag</name>
         <value>0x200005cd</value>
      </symbol>
      <symbol id="sm-1e0">
         <name>STR_DEBUG</name>
         <value>0x20000480</value>
      </symbol>
      <symbol id="sm-1e1">
         <name>ADDRESS_1_DATA</name>
         <value>0x200001f4</value>
      </symbol>
      <symbol id="sm-1e2">
         <name>DEVICE_DETAIL</name>
         <value>0x200005b0</value>
      </symbol>
      <symbol id="sm-1e3">
         <name>getcUart0</name>
         <value>0x6d3</value>
         <object_component_ref idref="oc-2d"/>
      </symbol>
      <symbol id="sm-1e4">
         <name>getcUart1</name>
         <value>0x6e7</value>
         <object_component_ref idref="oc-2d"/>
      </symbol>
      <symbol id="sm-1e5">
         <name>Timeout_send_ack</name>
         <value>0xe39</value>
         <object_component_ref idref="oc-2d"/>
      </symbol>
      <symbol id="sm-1e6">
         <name>process_received_uart1_packet</name>
         <value>0x1285</value>
         <object_component_ref idref="oc-2d"/>
      </symbol>
      <symbol id="sm-1e7">
         <name>my_add</name>
         <value>0x200007d8</value>
         <object_component_ref idref="oc-80"/>
      </symbol>
      <symbol id="sm-1e8">
         <name>initHw</name>
         <value>0x453</value>
         <object_component_ref idref="oc-2d"/>
      </symbol>
      <symbol id="sm-1e9">
         <name>debug_uart</name>
         <value>0xbed</value>
         <object_component_ref idref="oc-2d"/>
      </symbol>
      <symbol id="sm-1ea">
         <name>transmit_uart1</name>
         <value>0x1019</value>
         <object_component_ref idref="oc-2d"/>
      </symbol>
      <symbol id="sm-1eb">
         <name>Timer1Isr</name>
         <value>0x1695</value>
         <object_component_ref idref="oc-2d"/>
      </symbol>
      <symbol id="sm-1ec">
         <name>random_flag</name>
         <value>0x200007e2</value>
         <object_component_ref idref="oc-80"/>
      </symbol>
      <symbol id="sm-1ed">
         <name>d</name>
         <value>0x200007de</value>
         <object_component_ref idref="oc-80"/>
      </symbol>
      <symbol id="sm-1ee">
         <name>N</name>
         <value>0x200007e0</value>
         <object_component_ref idref="oc-80"/>
      </symbol>
      <symbol id="sm-1ef">
         <name>D</name>
         <value>0x200007dc</value>
         <object_component_ref idref="oc-80"/>
      </symbol>
      <symbol id="sm-1f0">
         <name>PutsUart0_int</name>
         <value>0x729</value>
         <object_component_ref idref="oc-2d"/>
      </symbol>
      <symbol id="sm-1f1">
         <name>delimiters</name>
         <value>0x95d</value>
         <object_component_ref idref="oc-2d"/>
      </symbol>
      <symbol id="sm-1f2">
         <name>sendpacket</name>
         <value>0x2b5</value>
         <object_component_ref idref="oc-2d"/>
      </symbol>
      <symbol id="sm-1f3">
         <name>Device_initialization</name>
         <value>0x26d</value>
         <object_component_ref idref="oc-2d"/>
      </symbol>
      <symbol id="sm-1f4">
         <name>main</name>
         <value>0x16ad</value>
         <object_component_ref idref="oc-2d"/>
      </symbol>
      <symbol id="sm-1f5">
         <name>on_booard_led_blink</name>
         <value>0x619</value>
         <object_component_ref idref="oc-2d"/>
      </symbol>
      <symbol id="sm-1f6">
         <name>iscommand</name>
         <value>0xbb5</value>
         <object_component_ref idref="oc-2d"/>
      </symbol>
      <symbol id="sm-1f7">
         <name>putsUart0</name>
         <value>0x6a1</value>
         <object_component_ref idref="oc-2d"/>
      </symbol>
      <symbol id="sm-1f8">
         <name>Parsing</name>
         <value>0xa15</value>
         <object_component_ref idref="oc-2d"/>
      </symbol>
      <symbol id="sm-1f9">
         <name>putcUart0</name>
         <value>0x681</value>
         <object_component_ref idref="oc-2d"/>
      </symbol>
      <symbol id="sm-1fa">
         <name>TX_ATTEMP_MAX</name>
         <value>0x200007e1</value>
         <object_component_ref idref="oc-80"/>
      </symbol>
      <symbol id="sm-1fb">
         <name>strcommand</name>
         <value>0xc35</value>
         <object_component_ref idref="oc-2d"/>
      </symbol>
      <symbol id="sm-1fc">
         <name>Receive_uart1</name>
         <value>0x13c9</value>
         <object_component_ref idref="oc-2d"/>
      </symbol>
      <symbol id="sm-1fd">
         <name>TX_phase</name>
         <value>0x200007d9</value>
         <object_component_ref idref="oc-80"/>
      </symbol>
      <symbol id="sm-1fe">
         <name>wait_time_out</name>
         <value>0x200007e4</value>
         <object_component_ref idref="oc-80"/>
      </symbol>
      <symbol id="sm-1ff">
         <name>getstring</name>
         <value>0xb7d</value>
         <object_component_ref idref="oc-2d"/>
      </symbol>
      <symbol id="sm-200">
         <name>waitMicrosecond</name>
         <value>0x5d9</value>
         <object_component_ref idref="oc-2d"/>
      </symbol>
      <symbol id="sm-201">
         <name>retranscount</name>
         <value>0x200007da</value>
         <object_component_ref idref="oc-80"/>
      </symbol>
      <symbol id="sm-202">
         <name>Ack_Tx_attemp_count</name>
         <value>0x200007e3</value>
         <object_component_ref idref="oc-80"/>
      </symbol>
      <symbol id="sm-203">
         <name>receivephase</name>
         <value>0x200007df</value>
         <object_component_ref idref="oc-80"/>
      </symbol>
      <symbol id="sm-204">
         <name>getnumber</name>
         <value>0xb95</value>
         <object_component_ref idref="oc-2d"/>
      </symbol>
      <symbol id="sm-205">
         <name>getsUart0</name>
         <value>0x85d</value>
         <object_component_ref idref="oc-2d"/>
      </symbol>
      <symbol id="sm-226">
         <name>ResetISR</name>
         <value>0x360f</value>
         <object_component_ref idref="oc-27"/>
      </symbol>
      <symbol id="sm-227">
         <name>g_pfnVectors</name>
         <value>0x0</value>
         <object_component_ref idref="oc-12"/>
      </symbol>
      <symbol id="sm-24e">
         <name>sprintf</name>
         <value>0x3461</value>
         <object_component_ref idref="oc-9f"/>
      </symbol>
      <symbol id="sm-269">
         <name>memcpy</name>
         <value>0x2e9b</value>
         <object_component_ref idref="oc-41"/>
      </symbol>
      <symbol id="sm-26a">
         <name>__aeabi_memcpy</name>
         <value>0x2e9b</value>
         <object_component_ref idref="oc-41"/>
      </symbol>
      <symbol id="sm-26b">
         <name>__aeabi_memcpy8</name>
         <value>0x2e9b</value>
         <object_component_ref idref="oc-41"/>
      </symbol>
      <symbol id="sm-26c">
         <name>__aeabi_memcpy4</name>
         <value>0x2e9b</value>
         <object_component_ref idref="oc-41"/>
      </symbol>
      <symbol id="sm-27b">
         <name>__aeabi_memset</name>
         <value>0x30db</value>
         <object_component_ref idref="oc-8a"/>
      </symbol>
      <symbol id="sm-27c">
         <name>memset</name>
         <value>0x30e1</value>
         <object_component_ref idref="oc-8a"/>
      </symbol>
      <symbol id="sm-27d">
         <name>__aeabi_memset8</name>
         <value>0x30db</value>
         <object_component_ref idref="oc-8a"/>
      </symbol>
      <symbol id="sm-27e">
         <name>__aeabi_memset4</name>
         <value>0x30db</value>
         <object_component_ref idref="oc-8a"/>
      </symbol>
      <symbol id="sm-27f">
         <name>__aeabi_memclr8</name>
         <value>0x30d9</value>
         <object_component_ref idref="oc-8a"/>
      </symbol>
      <symbol id="sm-280">
         <name>__aeabi_memclr4</name>
         <value>0x30d9</value>
         <object_component_ref idref="oc-8a"/>
      </symbol>
      <symbol id="sm-281">
         <name>__aeabi_memclr</name>
         <value>0x30d9</value>
         <object_component_ref idref="oc-8a"/>
      </symbol>
      <symbol id="sm-293">
         <name>__TI_zero_init</name>
         <value>0x3603</value>
         <object_component_ref idref="oc-53"/>
      </symbol>
      <symbol id="sm-2aa">
         <name>__TI_decompress_none</name>
         <value>0x35f5</value>
         <object_component_ref idref="oc-1b"/>
      </symbol>
      <symbol id="sm-2cd">
         <name>__TI_decompress_lzss</name>
         <value>0x31c1</value>
         <object_component_ref idref="oc-15"/>
      </symbol>
      <symbol id="sm-2e3">
         <name>atoi</name>
         <value>0x3389</value>
         <object_component_ref idref="oc-98"/>
      </symbol>
      <symbol id="sm-2ee">
         <name>_ctypes_</name>
         <value>0x3634</value>
         <object_component_ref idref="oc-108"/>
      </symbol>
      <symbol id="sm-2fd">
         <name>strcmp</name>
         <value>0x3591</value>
         <object_component_ref idref="oc-79"/>
      </symbol>
      <symbol id="sm-30b">
         <name>strlen</name>
         <value>0x35bf</value>
         <object_component_ref idref="oc-83"/>
      </symbol>
      <symbol id="sm-31a">
         <name>tolower</name>
         <value>0x35e5</value>
         <object_component_ref idref="oc-8f"/>
      </symbol>
      <symbol id="sm-32d">
         <name>__stack</name>
         <value>0x200005d8</value>
         <object_component_ref idref="oc-24"/>
      </symbol>
      <symbol id="sm-32e">
         <name>_c_int00_noargs</name>
         <value>0x34e1</value>
         <object_component_ref idref="oc-5f"/>
      </symbol>
      <symbol id="sm-493">
         <name>__TI_printfi</name>
         <value>0x17fd</value>
         <object_component_ref idref="oc-10f"/>
      </symbol>
      <symbol id="sm-4aa">
         <name>__aeabi_dsub</name>
         <value>0x268d</value>
         <object_component_ref idref="oc-20d"/>
      </symbol>
      <symbol id="sm-4ab">
         <name>__aeabi_dadd</name>
         <value>0x2697</value>
         <object_component_ref idref="oc-20d"/>
      </symbol>
      <symbol id="sm-4cd">
         <name>__aeabi_cdcmpeq</name>
         <value>0x2fcd</value>
         <object_component_ref idref="oc-186"/>
      </symbol>
      <symbol id="sm-4ce">
         <name>__aeabi_cdcmple</name>
         <value>0x2fcd</value>
         <object_component_ref idref="oc-186"/>
      </symbol>
      <symbol id="sm-4cf">
         <name>__aeabi_cdrcmple</name>
         <value>0x3053</value>
         <object_component_ref idref="oc-1f8"/>
      </symbol>
      <symbol id="sm-4e3">
         <name>__aeabi_ddiv</name>
         <value>0x2981</value>
         <object_component_ref idref="oc-1f3"/>
      </symbol>
      <symbol id="sm-4ee">
         <name>__aeabi_dmul</name>
         <value>0x2ced</value>
         <object_component_ref idref="oc-1ee"/>
      </symbol>
      <symbol id="sm-4f8">
         <name>__aeabi_d2iz</name>
         <value>0x33d5</value>
         <object_component_ref idref="oc-1fd"/>
      </symbol>
      <symbol id="sm-502">
         <name>__aeabi_i2d</name>
         <value>0x3515</value>
         <object_component_ref idref="oc-208"/>
      </symbol>
      <symbol id="sm-50f">
         <name>__aeabi_uldivmod</name>
         <value>0x2f37</value>
         <object_component_ref idref="oc-1e7"/>
      </symbol>
      <symbol id="sm-537">
         <name>__TI_auto_init_nobinit_nopinit</name>
         <value>0x341d</value>
         <object_component_ref idref="oc-143"/>
      </symbol>
      <symbol id="sm-541">
         <name>_system_pre_init</name>
         <value>0x362d</value>
         <object_component_ref idref="oc-e3"/>
      </symbol>
      <symbol id="sm-54d">
         <name>C$$EXIT</name>
         <value>0x3631</value>
         <object_component_ref idref="oc-137"/>
      </symbol>
      <symbol id="sm-54e">
         <name>abort</name>
         <value>0x3631</value>
         <object_component_ref idref="oc-137"/>
      </symbol>
      <symbol id="sm-55e">
         <name>__TI_ltoa</name>
         <value>0x32e3</value>
         <object_component_ref idref="oc-202"/>
      </symbol>
      <symbol id="sm-56f">
         <name>memccpy</name>
         <value>0x3543</value>
         <object_component_ref idref="oc-1a3"/>
      </symbol>
      <symbol id="sm-57f">
         <name>strchr</name>
         <value>0x35a9</value>
         <object_component_ref idref="oc-239"/>
      </symbol>
      <symbol id="sm-595">
         <name>__aeabi_errno_addr</name>
         <value>0x3625</value>
         <object_component_ref idref="oc-1af"/>
      </symbol>
      <symbol id="sm-596">
         <name>errno</name>
         <value>0x200007e8</value>
         <object_component_ref idref="oc-249"/>
      </symbol>
      <symbol id="sm-5b6">
         <name>frexpl</name>
         <value>0x3229</value>
         <object_component_ref idref="oc-22d"/>
      </symbol>
      <symbol id="sm-5b7">
         <name>frexp</name>
         <value>0x3229</value>
         <object_component_ref idref="oc-22d"/>
      </symbol>
      <symbol id="sm-5d4">
         <name>scalbn</name>
         <value>0x2bdd</value>
         <object_component_ref idref="oc-233"/>
      </symbol>
      <symbol id="sm-5d5">
         <name>scalbnl</name>
         <value>0x2bdd</value>
         <object_component_ref idref="oc-233"/>
      </symbol>
      <symbol id="sm-5d6">
         <name>ldexpl</name>
         <value>0x2bdd</value>
         <object_component_ref idref="oc-233"/>
      </symbol>
      <symbol id="sm-5d7">
         <name>ldexp</name>
         <value>0x2bdd</value>
         <object_component_ref idref="oc-233"/>
      </symbol>
      <symbol id="sm-5e1">
         <name>copysign</name>
         <value>0x355f</value>
         <object_component_ref idref="oc-299"/>
      </symbol>
      <symbol id="sm-5e2">
         <name>copysignl</name>
         <value>0x355f</value>
         <object_component_ref idref="oc-299"/>
      </symbol>
      <symbol id="sm-5fb">
         <name>wcslen</name>
         <value>0x35d3</value>
         <object_component_ref idref="oc-1a9"/>
      </symbol>
      <symbol id="sm-605">
         <name>__aeabi_idiv0</name>
         <value>0x224b</value>
         <object_component_ref idref="oc-280"/>
      </symbol>
      <symbol id="sm-606">
         <name>__aeabi_ldiv0</name>
         <value>0x224b</value>
         <object_component_ref idref="oc-280"/>
      </symbol>
      <symbol id="sm-607">
         <name>__TI_static_base__</name>
         <value>0x0</value>
      </symbol>
      <symbol id="sm-60a">
         <name>__mpu_init</name>
         <value>0x0</value>
      </symbol>
      <symbol id="sm-60b">
         <name>_system_post_cinit</name>
         <value>0x0</value>
      </symbol>
   </symbol_table>
   <title>Link successful</title>
</link_info>
