******************************************************************************
                  TI ARM Linker PC v20.2.0                     
******************************************************************************
>> Linked Mon May 11 16:29:33 2020

OUTPUT FILE NAME:   <CSMA.out>
ENTRY POINT SYMBOL: "_c_int00_noargs"  address: 000034e1


MEMORY CONFIGURATION

         name            origin    length      used     unused   attr    fill
----------------------  --------  ---------  --------  --------  ----  --------
  FLASH                 00000000   00040000  0000376d  0003c893  R  X
  SRAM                  20000000   00008000  000007ea  00007816  RW X


SEGMENT ALLOCATION MAP

run origin  load origin   length   init length attrs members
----------  ----------- ---------- ----------- ----- -------
00000000    00000000    00003770   00003770    r-x
  00000000    00000000    0000026c   0000026c    r-- .intvecs
  0000026c    0000026c    000033c8   000033c8    r-x .text
  00003634    00003634    00000101   00000101    r-- .const
  00003738    00003738    00000038   00000038    r-- .cinit
20000000    20000000    000007ec   00000000    rw-
  20000000    20000000    000005d6   00000000    rw- .bss
  200005d8    200005d8    00000200   00000000    rw- .stack
  200007d8    200007d8    00000014   00000000    rw- .data


SECTION ALLOCATION MAP

 output                                  attributes/
section   page    origin      length       input sections
--------  ----  ----------  ----------   ----------------
.intvecs   0    00000000    0000026c     
                  00000000    0000026c     tm4c123gh6pm_startup_ccs.obj (.intvecs)

.text      0    0000026c    000033c8     
                  0000026c    00001590     main.obj (.text)
                  000017fc    00000a4e     rtsv7M4_T_le_v4SPD16_eabi.lib : _printfi.c.obj (.text:__TI_printfi)
                  0000224a    00000002                                   : div0.asm.obj (.text)
                  0000224c    00000270                                   : _printfi.c.obj (.text:_pconv_a)
                  000024bc    000001d0                                   : _printfi.c.obj (.text:_pconv_g)
                  0000268c    000001b6                                   : fd_add_t2.asm.obj (.text)
                  00002842    00000002     --HOLE-- [fill = 0]
                  00002844    0000013c                                   : _printfi.c.obj (.text:_pconv_e)
                  00002980    00000136                                   : fd_div_t2.asm.obj (.text)
                  00002ab6    00000002     --HOLE-- [fill = 0]
                  00002ab8    00000124                                   : _printfi.c.obj (.text:fcvt)
                  00002bdc    00000110                                   : s_scalbn.c.obj (.text:scalbn)
                  00002cec    000000fc                                   : fd_mul_t2.asm.obj (.text)
                  00002de8    000000b1                                   : _printfi.c.obj (.text:_ltostr)
                  00002e99    00000001     --HOLE-- [fill = 0]
                  00002e9a    0000009c                                   : memcpy_t2.asm.obj (.text)
                  00002f36    00000096                                   : ull_div_t2.asm.obj (.text)
                  00002fcc    00000086                                   : fd_cmp_t2.asm.obj (.text:__aeabi_cdcmple)
                  00003052    00000086                                   : fd_cmp_t2.asm.obj (.text:__aeabi_cdrcmple)
                  000030d8    0000007a                                   : memset_t2.asm.obj (.text)
                  00003152    0000006e                                   : _printfi.c.obj (.text:_mcpy)
                  000031c0    00000068                                   : copy_decompress_lzss.c.obj (.text:decompress:lzss:__TI_decompress_lzss)
                  00003228    00000064                                   : s_frexp.c.obj (.text:frexp)
                  0000328c    00000056                                   : _printfi.c.obj (.text:_pconv_f)
                  000032e2    00000054                                   : _ltoa.c.obj (.text:__TI_ltoa)
                  00003336    00000052                                   : _printfi.c.obj (.text:_ecpy)
                  00003388    0000004c                                   : atoi.c.obj (.text:atoi)
                  000033d4    00000048                                   : fd_toi_t2.asm.obj (.text)
                  0000341c    00000044                                   : autoinit.c.obj (.text:__TI_auto_init_nobinit_nopinit:__TI_auto_init_nobinit_nopinit)
                  00003460    00000040                                   : sprintf.c.obj (.text:sprintf)
                  000034a0    0000003e                                   : _printfi.c.obj (.text:_fcpy)
                  000034de    00000002     --HOLE-- [fill = 0]
                  000034e0    00000034                                   : boot_cortex_m.c.obj (.text:_c_int00_noargs:_c_int00_noargs)
                  00003514    0000002e                                   : i_tofd_t2.asm.obj (.text)
                  00003542    0000001c                                   : memccpy.c.obj (.text:memccpy)
                  0000355e    0000001a                                   : s_copysign.c.obj (.text:copysign)
                  00003578    00000018                                   : sprintf.c.obj (.text:_outs)
                  00003590    00000018                                   : strcmp.c.obj (.text:strcmp)
                  000035a8    00000016                                   : strchr.c.obj (.text:strchr)
                  000035be    00000014                                   : strlen.c.obj (.text:strlen)
                  000035d2    00000012                                   : wcslen.c.obj (.text:wcslen)
                  000035e4    00000010                                   : tolower.c.obj (.text:tolower)
                  000035f4    0000000e                                   : copy_decompress_none.c.obj (.text:decompress:none:__TI_decompress_none)
                  00003602    0000000c                                   : copy_zero_init.c.obj (.text:decompress:ZI:__TI_zero_init)
                  0000360e    0000000c     tm4c123gh6pm_startup_ccs.obj (.text)
                  0000361a    0000000a     rtsv7M4_T_le_v4SPD16_eabi.lib : sprintf.c.obj (.text:_outc)
                  00003624    00000008                                   : errno.c.obj (.text:__aeabi_errno_addr)
                  0000362c    00000004                                   : pre_init.c.obj (.text:_system_pre_init)
                  00003630    00000004                                   : exit.c.obj (.text:abort:abort)

.const     0    00003634    00000101     
                  00003634    00000101     rtsv7M4_T_le_v4SPD16_eabi.lib : ctype.c.obj (.const:.string:_ctypes_)

.cinit     0    00003738    00000038     
                  00003738    00000011     (.cinit..data.load) [load image, compression = lzss]
                  00003749    00000003     --HOLE-- [fill = 0]
                  0000374c    0000000c     (__TI_handler_table)
                  00003758    00000008     (.cinit..bss.load) [load image, compression = zero_init]
                  00003760    00000010     (__TI_cinit_table)

.init_array 
*          0    00000000    00000000     UNINITIALIZED

.bss       0    20000000    000005d6     UNINITIALIZED
                  20000000    000001f4     (.common:DATA)
                  200001f4    00000190     (.common:ADDRESS_1_DATA)
                  20000384    000000fc     (.common:value)
                  20000480    00000064     (.common:STR_DEBUG)
                  200004e4    00000054     (.common:str)
                  20000538    00000034     (.common:debug_str)
                  2000056c    0000001c     (.common:RX_DATA)
                  20000588    00000014     (.common:field_position)
                  2000059c    00000014     (.common:field_type)
                  200005b0    0000000c     (.common:DEVICE_DETAIL)
                  200005bc    00000004     (.common:VALID_BIT_SET)
                  200005c0    00000002     (.common:k)
                  200005c2    00000002     (.common:timeout)
                  200005c4    00000001     (.common:ACK_ON)
                  200005c5    00000001     (.common:CS_ENABLE)
                  200005c6    00000001     (.common:Inprogress)
                  200005c7    00000001     (.common:RANDOM_ENABLE)
                  200005c8    00000001     (.common:RXADDDATA)
                  200005c9    00000001     (.common:RXdata)
                  200005ca    00000001     (.common:Total_fields)
                  200005cb    00000001     (.common:address)
                  200005cc    00000001     (.common:channel)
                  200005cd    00000001     (.common:checksum_flag)
                  200005ce    00000001     (.common:count)
                  200005cf    00000001     (.common:currentindex)
                  200005d0    00000001     (.common:data_index)
                  200005d1    00000001     (.common:i)
                  200005d2    00000001     (.common:i_for)
                  200005d3    00000001     (.common:j)
                  200005d4    00000001     (.common:new_address)
                  200005d5    00000001     (.common:s)

.data      0    200007d8    00000014     UNINITIALIZED
                  200007d8    00000010     main.obj (.data)
                  200007e8    00000004     rtsv7M4_T_le_v4SPD16_eabi.lib : errno.c.obj (.data)

.stack     0    200005d8    00000200     UNINITIALIZED
                  200005d8    00000004     rtsv7M4_T_le_v4SPD16_eabi.lib : boot_cortex_m.c.obj (.stack)
                  200005dc    000001fc     --HOLE--

__llvm_prf_cnts 
*          0    20000000    00000000     UNINITIALIZED

MODULE SUMMARY

       Module                         code    ro data   rw data
       ------                         ----    -------   -------
    .\
       main.obj                       5520    0         1510   
       tm4c123gh6pm_startup_ccs.obj   12      620       0      
    +--+------------------------------+-------+---------+---------+
       Total:                         5532    620       1510   
                                                               
    C:\ti\ccs1000\ccs\tools\compiler\ti-cgt-arm_20.2.0.LTS\lib\rtsv7M4_T_le_v4SPD16_eabi.lib
       _printfi.c.obj                 4851    0         0      
       fd_add_t2.asm.obj              438     0         0      
       fd_div_t2.asm.obj              310     0         0      
       s_scalbn.c.obj                 272     0         0      
       fd_cmp_t2.asm.obj              268     0         0      
       ctype.c.obj                    0       257       0      
       fd_mul_t2.asm.obj              252     0         0      
       memcpy_t2.asm.obj              156     0         0      
       ull_div_t2.asm.obj             150     0         0      
       memset_t2.asm.obj              122     0         0      
       copy_decompress_lzss.c.obj     104     0         0      
       s_frexp.c.obj                  100     0         0      
       sprintf.c.obj                  98      0         0      
       _ltoa.c.obj                    84      0         0      
       atoi.c.obj                     76      0         0      
       fd_toi_t2.asm.obj              72      0         0      
       autoinit.c.obj                 68      0         0      
       boot_cortex_m.c.obj            52      0         0      
       i_tofd_t2.asm.obj              46      0         0      
       memccpy.c.obj                  28      0         0      
       s_copysign.c.obj               26      0         0      
       strcmp.c.obj                   24      0         0      
       strchr.c.obj                   22      0         0      
       strlen.c.obj                   20      0         0      
       wcslen.c.obj                   18      0         0      
       tolower.c.obj                  16      0         0      
       copy_decompress_none.c.obj     14      0         0      
       copy_zero_init.c.obj           12      0         0      
       errno.c.obj                    8       0         4      
       exit.c.obj                     4       0         0      
       pre_init.c.obj                 4       0         0      
       div0.asm.obj                   2       0         0      
    +--+------------------------------+-------+---------+---------+
       Total:                         7717    257       4      
                                                               
       Stack:                         0       0         512    
       Linker Generated:              0       53        0      
    +--+------------------------------+-------+---------+---------+
       Grand Total:                   13249   930       2026   


LINKER GENERATED COPY TABLES

__TI_cinit_table @ 00003760 records: 2, size/record: 8, table size: 16
	.data: load addr=00003738, load size=00000011 bytes, run addr=200007d8, run size=00000014 bytes, compression=lzss
	.bss: load addr=00003758, load size=00000008 bytes, run addr=20000000, run size=000005d6 bytes, compression=zero_init


LINKER GENERATED HANDLER TABLE

__TI_handler_table @ 0000374c records: 3, size/record: 4, table size: 12
	index: 0, handler: __TI_decompress_lzss
	index: 1, handler: __TI_decompress_none
	index: 2, handler: __TI_zero_init


GLOBAL SYMBOLS: SORTED ALPHABETICALLY BY Name 

address   name                          
-------   ----                          
200005c4  ACK_ON                        
200001f4  ADDRESS_1_DATA                
200007e3  Ack_Tx_attemp_count           
00003631  C$$EXIT                       
200005c5  CS_ENABLE                     
200007dc  D                             
20000000  DATA                          
200005b0  DEVICE_DETAIL                 
0000026d  Device_initialization         
200005c6  Inprogress                    
200007e0  N                             
00000a15  Parsing                       
00000729  PutsUart0_int                 
200005c7  RANDOM_ENABLE                 
200005c8  RXADDDATA                     
2000056c  RX_DATA                       
200005c9  RXdata                        
000013c9  Receive_uart1                 
0000360f  ResetISR                      
20000480  STR_DEBUG                     
200007e1  TX_ATTEMP_MAX                 
200007d9  TX_phase                      
00000e39  Timeout_send_ack              
00001695  Timer1Isr                     
200005ca  Total_fields                  
200005bc  VALID_BIT_SET                 
200007d8  __STACK_END                   
00000200  __STACK_SIZE                  
200007d8  __STACK_TOP                   
00003760  __TI_CINIT_Base               
00003770  __TI_CINIT_Limit              
0000374c  __TI_Handler_Table_Base       
00003758  __TI_Handler_Table_Limit      
0000341d  __TI_auto_init_nobinit_nopinit
000031c1  __TI_decompress_lzss          
000035f5  __TI_decompress_none          
000032e3  __TI_ltoa                     
ffffffff  __TI_pprof_out_hndl           
000017fd  __TI_printfi                  
ffffffff  __TI_prof_data_size           
ffffffff  __TI_prof_data_start          
00000000  __TI_static_base__            
00003603  __TI_zero_init                
00002fcd  __aeabi_cdcmpeq               
00002fcd  __aeabi_cdcmple               
00003053  __aeabi_cdrcmple              
000033d5  __aeabi_d2iz                  
00002697  __aeabi_dadd                  
00002981  __aeabi_ddiv                  
00002ced  __aeabi_dmul                  
0000268d  __aeabi_dsub                  
00003625  __aeabi_errno_addr            
00003515  __aeabi_i2d                   
0000224b  __aeabi_idiv0                 
0000224b  __aeabi_ldiv0                 
000030d9  __aeabi_memclr                
000030d9  __aeabi_memclr4               
000030d9  __aeabi_memclr8               
00002e9b  __aeabi_memcpy                
00002e9b  __aeabi_memcpy4               
00002e9b  __aeabi_memcpy8               
000030db  __aeabi_memset                
000030db  __aeabi_memset4               
000030db  __aeabi_memset8               
00002f37  __aeabi_uldivmod              
ffffffff  __binit__                     
ffffffff  __c_args__                    
UNDEFED   __mpu_init                    
200005d8  __stack                       
20000000  __start___llvm_prf_cnts       
20000000  __stop___llvm_prf_cnts        
000034e1  _c_int00_noargs               
00003634  _ctypes_                      
UNDEFED   _system_post_cinit            
0000362d  _system_pre_init              
00003631  abort                         
200005cb  address                       
00003389  atoi                          
ffffffff  binit                         
200005cc  channel                       
200005cd  checksum_flag                 
0000355f  copysign                      
0000355f  copysignl                     
200005ce  count                         
200005cf  currentindex                  
200007de  d                             
200005d0  data_index                    
20000538  debug_str                     
00000bed  debug_uart                    
0000095d  delimiters                    
200007e8  errno                         
20000588  field_position                
2000059c  field_type                    
00003229  frexp                         
00003229  frexpl                        
00000000  g_pfnVectors                  
000006d3  getcUart0                     
000006e7  getcUart1                     
00000b95  getnumber                     
0000085d  getsUart0                     
00000b7d  getstring                     
200005d1  i                             
200005d2  i_for                         
00000453  initHw                        
00000bb5  iscommand                     
200005d3  j                             
200005c0  k                             
00002bdd  ldexp                         
00002bdd  ldexpl                        
000016ad  main                          
00003543  memccpy                       
00002e9b  memcpy                        
000030e1  memset                        
200007d8  my_add                        
200005d4  new_address                   
00000619  on_booard_led_blink           
00001285  process_received_uart1_packet 
00000681  putcUart0                     
000006a1  putsUart0                     
200007e2  random_flag                   
200007df  receivephase                  
200007da  retranscount                  
200005d5  s                             
00002bdd  scalbn                        
00002bdd  scalbnl                       
000002b5  sendpacket                    
00003461  sprintf                       
200004e4  str                           
000035a9  strchr                        
00003591  strcmp                        
00000c35  strcommand                    
000035bf  strlen                        
200005c2  timeout                       
000035e5  tolower                       
00001019  transmit_uart1                
20000384  value                         
000005d9  waitMicrosecond               
200007e4  wait_time_out                 
000035d3  wcslen                        


GLOBAL SYMBOLS: SORTED BY Symbol Address 

address   name                          
-------   ----                          
00000000  __TI_static_base__            
00000000  g_pfnVectors                  
00000200  __STACK_SIZE                  
0000026d  Device_initialization         
000002b5  sendpacket                    
00000453  initHw                        
000005d9  waitMicrosecond               
00000619  on_booard_led_blink           
00000681  putcUart0                     
000006a1  putsUart0                     
000006d3  getcUart0                     
000006e7  getcUart1                     
00000729  PutsUart0_int                 
0000085d  getsUart0                     
0000095d  delimiters                    
00000a15  Parsing                       
00000b7d  getstring                     
00000b95  getnumber                     
00000bb5  iscommand                     
00000bed  debug_uart                    
00000c35  strcommand                    
00000e39  Timeout_send_ack              
00001019  transmit_uart1                
00001285  process_received_uart1_packet 
000013c9  Receive_uart1                 
00001695  Timer1Isr                     
000016ad  main                          
000017fd  __TI_printfi                  
0000224b  __aeabi_idiv0                 
0000224b  __aeabi_ldiv0                 
0000268d  __aeabi_dsub                  
00002697  __aeabi_dadd                  
00002981  __aeabi_ddiv                  
00002bdd  ldexp                         
00002bdd  ldexpl                        
00002bdd  scalbn                        
00002bdd  scalbnl                       
00002ced  __aeabi_dmul                  
00002e9b  __aeabi_memcpy                
00002e9b  __aeabi_memcpy4               
00002e9b  __aeabi_memcpy8               
00002e9b  memcpy                        
00002f37  __aeabi_uldivmod              
00002fcd  __aeabi_cdcmpeq               
00002fcd  __aeabi_cdcmple               
00003053  __aeabi_cdrcmple              
000030d9  __aeabi_memclr                
000030d9  __aeabi_memclr4               
000030d9  __aeabi_memclr8               
000030db  __aeabi_memset                
000030db  __aeabi_memset4               
000030db  __aeabi_memset8               
000030e1  memset                        
000031c1  __TI_decompress_lzss          
00003229  frexp                         
00003229  frexpl                        
000032e3  __TI_ltoa                     
00003389  atoi                          
000033d5  __aeabi_d2iz                  
0000341d  __TI_auto_init_nobinit_nopinit
00003461  sprintf                       
000034e1  _c_int00_noargs               
00003515  __aeabi_i2d                   
00003543  memccpy                       
0000355f  copysign                      
0000355f  copysignl                     
00003591  strcmp                        
000035a9  strchr                        
000035bf  strlen                        
000035d3  wcslen                        
000035e5  tolower                       
000035f5  __TI_decompress_none          
00003603  __TI_zero_init                
0000360f  ResetISR                      
00003625  __aeabi_errno_addr            
0000362d  _system_pre_init              
00003631  C$$EXIT                       
00003631  abort                         
00003634  _ctypes_                      
0000374c  __TI_Handler_Table_Base       
00003758  __TI_Handler_Table_Limit      
00003760  __TI_CINIT_Base               
00003770  __TI_CINIT_Limit              
20000000  DATA                          
20000000  __start___llvm_prf_cnts       
20000000  __stop___llvm_prf_cnts        
200001f4  ADDRESS_1_DATA                
20000384  value                         
20000480  STR_DEBUG                     
200004e4  str                           
20000538  debug_str                     
2000056c  RX_DATA                       
20000588  field_position                
2000059c  field_type                    
200005b0  DEVICE_DETAIL                 
200005bc  VALID_BIT_SET                 
200005c0  k                             
200005c2  timeout                       
200005c4  ACK_ON                        
200005c5  CS_ENABLE                     
200005c6  Inprogress                    
200005c7  RANDOM_ENABLE                 
200005c8  RXADDDATA                     
200005c9  RXdata                        
200005ca  Total_fields                  
200005cb  address                       
200005cc  channel                       
200005cd  checksum_flag                 
200005ce  count                         
200005cf  currentindex                  
200005d0  data_index                    
200005d1  i                             
200005d2  i_for                         
200005d3  j                             
200005d4  new_address                   
200005d5  s                             
200005d8  __stack                       
200007d8  __STACK_END                   
200007d8  __STACK_TOP                   
200007d8  my_add                        
200007d9  TX_phase                      
200007da  retranscount                  
200007dc  D                             
200007de  d                             
200007df  receivephase                  
200007e0  N                             
200007e1  TX_ATTEMP_MAX                 
200007e2  random_flag                   
200007e3  Ack_Tx_attemp_count           
200007e4  wait_time_out                 
200007e8  errno                         
ffffffff  __TI_pprof_out_hndl           
ffffffff  __TI_prof_data_size           
ffffffff  __TI_prof_data_start          
ffffffff  __binit__                     
ffffffff  __c_args__                    
ffffffff  binit                         
UNDEFED   __mpu_init                    
UNDEFED   _system_post_cinit            

[139 symbols]
